Microchip MPLAB XC8 Compiler V2.32

Linker command line:

-W-3 --edf=C:\Program Files\Microchip\xc8\v2.32\pic\dat\en_msgs.txt -cn \
  -h+dist/default/debug\ethxxj60-tcp-server-solution.X.debug.sym \
  --cmf=dist/default/debug\ethxxj60-tcp-server-solution.X.debug.cmf -z \
  -Q18F67J60 -oC:\Users\nemet\AppData\Local\Temp\xcAsr88.4 \
  --defsym=__MPLAB_BUILD=1 \
  -Mdist/default/debug/ethxxj60-tcp-server-solution.X.debug.map -E1 \
  -ver=XC8 Compiler --acfsm=1493 -ASTACK=0AC8h-0E7Dh -pstack=STACK \
  -ACODE=00h-01FFF7h -ACONST=00h-01FFF7h \
  -ASMALLCONST=01000h-010FFhx495,01FF00h-01FFF7h \
  -AMEDIUMCONST=01000h-0FFFFh,011000h-01FFF7h -ACOMRAM=01h-05Fh \
  -AABS1=00h-0E7Fh,0F00h-0F5Fh -ABIGRAM=01h-0E7Fh,0F00h-0F5Fh \
  -ARAM=060h-0FFh,0100h-01FFhx13,0E00h-0E7Fh,0F00h-0F5Fh -ABANK0=060h-0FFh \
  -ABANK1=0100h-01FFh -ABANK2=0200h-02FFh -ABANK3=0300h-03FFh \
  -ABANK4=0400h-04FFh -ABANK5=0500h-05FFh -ABANK6=0600h-06FFh \
  -ABANK7=0700h-07FFh -ABANK8=0800h-08FFh -ABANK9=0900h-09FFh \
  -ABANK10=0A00h-0AFFh -ABANK11=0B00h-0BFFh -ABANK12=0C00h-0CFFh \
  -ABANK13=0D00h-0DFFh -ABANK14=0E00h-0E7Fh -ABANK15=0F00h-0F5Fh \
  -ASFR=0E80h-0EFFh,0F60h-0FFFh -ACONFIG=01FFF8h-01FFFDh \
  -preset_vec=00h,intcode=08h,intcodelo,powerup,init -pramtop=01000h \
  -psmallconst=SMALLCONST -pmediumconst=MEDIUMCONST -pconst=CONST \
  -AFARRAM=00h-00h -pjflash_buffer=01F800h \
  -prdata=COMRAM,nvrram=COMRAM,nvbit=COMRAM,rbss=COMRAM,rbit=COMRAM \
  -pfarbss=FARRAM,fardata=FARRAM,nvFARRAM=FARRAM \
  -pintsave_regs=BIGRAM,bigbss=BIGRAM,bigdata=BIGRAM -pbss=RAM \
  -pidata=CODE,irdata=CODE,ibigdata=CODE,ifardata=CODE -prparam=COMRAM \
  C:\Users\nemet\AppData\Local\Temp\xcAsr88.o \
  dist/default/debug\ethxxj60-tcp-server-solution.X.debug.o 

Object code version is 3.11

Machine type is 18F67J60



                Name                               Link     Load   Length Selector   Space Scale
C:\Users\nemet\AppData\Local\Temp\xcAsr88.o
                config                            1FFF8    1FFF8        6        0       4
                init                                 4C       4C        4        4       0
                reset_vec                             0        0        4        0       0
dist/default/debug\ethxxj60-tcp-server-solution.X.debug.o
                intcode                               8        8       44        4       0
                config                            1FFF8    1FFF8        6        0       4
                temp                                 5B       5B        1        1       1
                mediumconst                        FB1C     FB1C      4E4     7D8E       0
                text179                           1B11C    1B11C       18     D631       0
                text178                           1B2E8    1B2E8        2     D970       0
                text177                           1AE44    1AE44       32     D631       0
                text176                           1AFA4    1AFA4       28     D631       0
                text175                           1ABEE    1ABEE       3A     8000       0
                text173                           1B1A2    1B1A2       16     D631       0
                text172                           1B18C    1B18C       16     D631       0
                text171                           1949E    1949E       AC     8000       0
                text170                           19CC8    19CC8       84     8000       0
                text169                           1AD40    1AD40       36     D631       0
                text168                           1A7A8    1A7A8       52     8000       0
                text167                           19E48    19E48       7C     8000       0
                text166                           1AD0A    1AD0A       36     D631       0
                text165                           1AEFE    1AEFE       2C     D631       0
                text164                           1B2D4    1B2D4        6     D631       0
                text163                           1B2AE    1B2AE        A     D631       0
                text162                           1B018    1B018       26     D631       0
                text161                           19C44    19C44       84     8000       0
                text160                           1B176    1B176       16     D631       0
                text159                           1A0E8    1A0E8       6C     8000       0
                text158                           19B36    19B36       88     8000       0
                text157                           18DC8    18DC8       D2     8000       0
                text156                           1B2A4    1B2A4        A     D631       0
                text155                           17D4A    17D4A      136     8000       0
                text154                           19BBE    19BBE       86     8000       0
                text153                           19736    19736       9A     8000       0
                text152                           18CDC    18CDC       EC     8000       0
                text151                           1A07C    1A07C       6C     8000       0
                text150                           1A1BE    1A1BE       68     8000       0
                text149                           1673C    1673C      1FA     8000       0
                text148                           1B29A    1B29A        A     D631       0
                text147                           1AFF2    1AFF2       26     D631       0
                text146                           16B2A    16B2A      1C6     8000       0
                text145                           15C80    15C80      260     8000       0
                text144                           1A8EA    1A8EA       50     8000       0
                text143                           151F6    151F6      2C0     8000       0
                text142                           1B224    1B224        E     D631       0
                text141                           1B102    1B102       1A     D631       0
                text140                           15A08    15A08      278     8000       0
                text139                           1A358    1A358       66     8000       0
                text138                           1A89A    1A89A       50     8000       0
                text137                           15EE0    15EE0      24C     8000       0
                text136                           19AAC    19AAC       8A     8000       0
                text135                           1B2C0    1B2C0        8     D631       0
                text134                           19990    19990       90     8000       0
                text133                           15770    15770      298     8000       0
                text132                           182F2    182F2      118     8000       0
                text131                           1933E    1933E       B2     8000       0
                text130                           1B0E6    1B0E6       1C     D631       0
                text129                           1A154    1A154       6A     8000       0
                text128                           12430    12430      74E     8000       0
                text127                           19A20    19A20       8C     8000       0
                text126                           1AA0A    1AA0A       42     8000       0
                text125                           193F0    193F0       AE     8000       0
                text124                           1A84A    1A84A       50     8000       0
                text123                           18624    18624      106     8000       0
                text122                           1A93A    1A93A       48     8000       0
                text121                           1B290    1B290        A     D631       0
                text120                           17502    17502      176     8000       0
                text119                           1851C    1851C      108     8000       0
                text118                           18B00    18B00       F0     8000       0
                text117                           180C0    180C0      11A     8000       0
                text116                           132BE    132BE      730     8000       0
                text115                           17678    17678      170     8000       0
                text114                           1A010    1A010       6C     8000       0
                text113                           1B086    1B086       24     D631       0
                text112                           1B23E    1B23E        C     D631       0
                text111                           10000    10000     1ACC     8000       0
                text110                           1AE12    1AE12       32     D631       0
                text109                           16CF0    16CF0      1C2     8000       0
                text108                           140CE    140CE      530     8000       0
                text107                           1A422    1A422       64     8000       0
                text106                           18F6A    18F6A       CE     8000       0
                text105                           1B2B8    1B2B8        8     D631       0
                text104                           19FA4    19FA4       6C     8000       0
                text103                           1B286    1B286        A     D631       0
                text102                           1B27C    1B27C        A     D631       0
                text101                           181DA    181DA      118     8000       0
                text100                           1B1DC    1B1DC       10     D631       0
                text99                            1A5A0    1A5A0       5E     8000       0
                text98                            1B2E6    1B2E6        2     D970       0
                text97                            19868    19868       98     8000       0
                text96                            1ACD2    1ACD2       38     D631       0
                text95                            1A756    1A756       52     8000       0
                text94                            1653A    1653A      202     8000       0
                text93                            1738C    1738C      176     8000       0
                text92                            154B6    154B6      2BA     8000       0
                text91                            12B7E    12B7E      740     8000       0
                text90                            145FE    145FE      34E     8000       0
                text89                            19F38    19F38       6C     8000       0
                text88                            1B272    1B272        A     D631       0
                text87                            1AB04    1AB04       3C     8000       0
                text86                            16936    16936      1F4     8000       0
                text85                            1B268    1B268        A     D631       0
                text84                            1B25E    1B25E        A     D631       0
                text83                            1B232    1B232        C     D631       0
                text82                            1AAC8    1AAC8       3C     8000       0
                text81                            17204    17204      188     8000       0
                text80                            1794E    1794E      164     8000       0
                text79                            1AA4C    1AA4C       40     8000       0
                text78                            1B2E4    1B2E4        2     D970       0
                text77                            19038    19038       CA     8000       0
                text76                            1A9C6    1A9C6       44     8000       0
                text75                            19102    19102       C6     8000       0
                text74                            14C38    14C38      2E4     8000       0
                text73                            17066    17066      19E     8000       0
                text72                            1882A    1882A       F6     8000       0
                text71                            18A10    18A10       F0     8000       0
                text70                            18E9A    18E9A       D0     8000       0
                text69                            16336    16336      204     8000       0
                text68                            1AA8C    1AA8C       3C     8000       0
                text67                            1AC9A    1AC9A       38     D631       0
                text66                            1AC62    1AC62       38     D631       0
                text65                            1A542    1A542       5E     8000       0
                text64                            14F1C    14F1C      2DA     8000       0
                text63                            11ACC    11ACC      964     8000       0
                text62                            1A2F2    1A2F2       66     8000       0
                text61                            1A704    1A704       52     8000       0
                text60                            139EE    139EE      6E0     8000       0
                text59                            1B1CA    1B1CA       12     D631       0
                text58                            1AED2    1AED2       2C     D631       0
                text57                            19900    19900       90     8000       0
                text56                            18920    18920       F0     8000       0
                text55                            1B216    1B216        E     D631       0
                text54                            18BF0    18BF0       EC     8000       0
                text53                            1A3BE    1A3BE       64     8000       0
                text52                            17BFE    17BFE      14C     8000       0
                text51                            1872A    1872A      100     8000       0
                text50                            1B160    1B160       16     D631       0
                text49                            1B208    1B208        E     D631       0
                text48                            177E8    177E8      166     8000       0
                text47                            1612C    1612C      20A     8000       0
                text46                            17AB2    17AB2      14C     8000       0
                text45                            1B2E0    1B2E0        4     D970       0
                text44                            1A4E4    1A4E4       5E     8000       0
                text43                            1ADDE    1ADDE       34     D631       0
                text42                            1B1FA    1B1FA        E     D631       0
                text41                            1A65A    1A65A       58     8000       0
                text40                            1B254    1B254        A     D631       0
                text39                            1AF7C    1AF7C       28     D631       0
                text38                            16EB2    16EB2      1B4     8000       0
                text37                            19694    19694       A2     8000       0
                text36                            1B2CE    1B2CE        6     D631       0
                text35                            1AF54    1AF54       28     D631       0
                text34                            191C8    191C8       C2     8000       0
                text33                            1B0CA    1B0CA       1C     D631       0
                text32                            1AEA4    1AEA4       2E     D631       0
                text31                            1B1EC    1B1EC        E     D631       0
                text30                            1ADAA    1ADAA       34     D631       0
                text29                            1B062    1B062       24     D631       0
                text28                            1AFCC    1AFCC       26     D631       0
                text27                            1B24A    1B24A        A     D631       0
                text26                            1ABB4    1ABB4       3A     8000       0
                text25                            1AF2A    1AF2A       2A     D631       0
                text24                            1B14A    1B14A       16     D631       0
                text23                            1A28C    1A28C       66     8000       0
                text22                            19DCA    19DCA       7E     8000       0
                text21                            1B1B8    1B1B8       12     D631       0
                text20                            1A5FE    1A5FE       5C     8000       0
                text19                            19EC4    19EC4       74     8000       0
                text18                            195F2    195F2       A2     8000       0
                text17                            1AE76    1AE76       2E     D631       0
                text16                            1928A    1928A       B4     8000       0
                text15                            19D4C    19D4C       7E     8000       0
                text14                            1954A    1954A       A8     8000       0
                text13                            197D0    197D0       98     8000       0
                text12                            1AD76    1AD76       34     D631       0
                text11                            1840A    1840A      112     8000       0
                text10                            1A982    1A982       44     8000       0
                text9                             1A486    1A486       5E     8000       0
                text8                             17E80    17E80      122     8000       0
                text7                             1B03E    1B03E       24     D631       0
                text6                             1B134    1B134       16     D631       0
                text5                             1AB7A    1AB7A       3A     8000       0
                text4                             1B2C8    1B2C8        6     D631       0
                text3                             1A226    1A226       66     8000       0
                text2                             1494C    1494C      2EC     8000       0
                text1                             1AB40    1AB40       3A     8000       0
                text0                             1A6B2    1A6B2       52     8000       0
                cstackCOMRAM                          1        1       56        1       1
                cstackBANK0                          60       60       9B       60       1
                cstackBANK1                         100      100       FF      100       1
                cstackBANK2                         200      200       B7      200       1
                bssBANK10                           A00      A00       C8      A00       1
                bssBANK9                            900      900      100      900       1
                bssBANK8                            800      800      100      800       1
                bssBANK7                            700      700      100      700       1
                bssBANK6                            600      600       C8      600       1
                dataBANK5                           589      589       50      500       1
                bssBANK5                            500      500       89      500       1
                dataBANK4                           4D8      4D8       20      400       1
                bssBANK4                            400      400       D8      400       1
                dataBANK3                           3BF      3BF       39      300       1
                bssBANK3                            300      300       BF      300       1
                dataBANK2                           2F7      2F7        5      200       1
                bssBANK2                            2B7      2B7       40      200       1
                bssBANK1                            1FF      1FF        1      100       1
                bssBANK0                             FB       FB        1       60       1
                bssCOMRAM                            57       57        4        1       1
                cinit                             17FA2    17FA2      11E     8000       0
                nvBANK3                             3F8      3F8        5      300       1
                idataBANK5                        1A7FA    1A7FA       50     8000       0
                idataBANK4                        1B0AA    1B0AA       20     D631       0
                idataBANK3                        1AC28    1AC28       39     8000       0
                idataBANK2                        1B2DA    1B2DA        5     D631       0

TOTAL           Name                               Link     Load   Length     Space
        CLASS   STACK          

        CLASS   CODE           
                intcode                               8        8       44         0
                init                                 4C       4C        4         0
                reset_vec                             0        0        4         0
                text179                           1B11C    1B11C       18         0
                text178                           1B2E8    1B2E8        2         0
                text177                           1AE44    1AE44       32         0
                text176                           1AFA4    1AFA4       28         0
                text175                           1ABEE    1ABEE       3A         0
                text173                           1B1A2    1B1A2       16         0
                text172                           1B18C    1B18C       16         0
                text171                           1949E    1949E       AC         0
                text170                           19CC8    19CC8       84         0
                text169                           1AD40    1AD40       36         0
                text168                           1A7A8    1A7A8       52         0
                text167                           19E48    19E48       7C         0
                text166                           1AD0A    1AD0A       36         0
                text165                           1AEFE    1AEFE       2C         0
                text164                           1B2D4    1B2D4        6         0
                text163                           1B2AE    1B2AE        A         0
                text162                           1B018    1B018       26         0
                text161                           19C44    19C44       84         0
                text160                           1B176    1B176       16         0
                text159                           1A0E8    1A0E8       6C         0
                text158                           19B36    19B36       88         0
                text157                           18DC8    18DC8       D2         0
                text156                           1B2A4    1B2A4        A         0
                text155                           17D4A    17D4A      136         0
                text154                           19BBE    19BBE       86         0
                text153                           19736    19736       9A         0
                text152                           18CDC    18CDC       EC         0
                text151                           1A07C    1A07C       6C         0
                text150                           1A1BE    1A1BE       68         0
                text149                           1673C    1673C      1FA         0
                text148                           1B29A    1B29A        A         0
                text147                           1AFF2    1AFF2       26         0
                text146                           16B2A    16B2A      1C6         0
                text145                           15C80    15C80      260         0
                text144                           1A8EA    1A8EA       50         0
                text143                           151F6    151F6      2C0         0
                text142                           1B224    1B224        E         0
                text141                           1B102    1B102       1A         0
                text140                           15A08    15A08      278         0
                text139                           1A358    1A358       66         0
                text138                           1A89A    1A89A       50         0
                text137                           15EE0    15EE0      24C         0
                text136                           19AAC    19AAC       8A         0
                text135                           1B2C0    1B2C0        8         0
                text134                           19990    19990       90         0
                text133                           15770    15770      298         0
                text132                           182F2    182F2      118         0
                text131                           1933E    1933E       B2         0
                text130                           1B0E6    1B0E6       1C         0
                text129                           1A154    1A154       6A         0
                text128                           12430    12430      74E         0
                text127                           19A20    19A20       8C         0
                text126                           1AA0A    1AA0A       42         0
                text125                           193F0    193F0       AE         0
                text124                           1A84A    1A84A       50         0
                text123                           18624    18624      106         0
                text122                           1A93A    1A93A       48         0
                text121                           1B290    1B290        A         0
                text120                           17502    17502      176         0
                text119                           1851C    1851C      108         0
                text118                           18B00    18B00       F0         0
                text117                           180C0    180C0      11A         0
                text116                           132BE    132BE      730         0
                text115                           17678    17678      170         0
                text114                           1A010    1A010       6C         0
                text113                           1B086    1B086       24         0
                text112                           1B23E    1B23E        C         0
                text111                           10000    10000     1ACC         0
                text110                           1AE12    1AE12       32         0
                text109                           16CF0    16CF0      1C2         0
                text108                           140CE    140CE      530         0
                text107                           1A422    1A422       64         0
                text106                           18F6A    18F6A       CE         0
                text105                           1B2B8    1B2B8        8         0
                text104                           19FA4    19FA4       6C         0
                text103                           1B286    1B286        A         0
                text102                           1B27C    1B27C        A         0
                text101                           181DA    181DA      118         0
                text100                           1B1DC    1B1DC       10         0
                text99                            1A5A0    1A5A0       5E         0
                text98                            1B2E6    1B2E6        2         0
                text97                            19868    19868       98         0
                text96                            1ACD2    1ACD2       38         0
                text95                            1A756    1A756       52         0
                text94                            1653A    1653A      202         0
                text93                            1738C    1738C      176         0
                text92                            154B6    154B6      2BA         0
                text91                            12B7E    12B7E      740         0
                text90                            145FE    145FE      34E         0
                text89                            19F38    19F38       6C         0
                text88                            1B272    1B272        A         0
                text87                            1AB04    1AB04       3C         0
                text86                            16936    16936      1F4         0
                text85                            1B268    1B268        A         0
                text84                            1B25E    1B25E        A         0
                text83                            1B232    1B232        C         0
                text82                            1AAC8    1AAC8       3C         0
                text81                            17204    17204      188         0
                text80                            1794E    1794E      164         0
                text79                            1AA4C    1AA4C       40         0
                text78                            1B2E4    1B2E4        2         0
                text77                            19038    19038       CA         0
                text76                            1A9C6    1A9C6       44         0
                text75                            19102    19102       C6         0
                text74                            14C38    14C38      2E4         0
                text73                            17066    17066      19E         0
                text72                            1882A    1882A       F6         0
                text71                            18A10    18A10       F0         0
                text70                            18E9A    18E9A       D0         0
                text69                            16336    16336      204         0
                text68                            1AA8C    1AA8C       3C         0
                text67                            1AC9A    1AC9A       38         0
                text66                            1AC62    1AC62       38         0
                text65                            1A542    1A542       5E         0
                text64                            14F1C    14F1C      2DA         0
                text63                            11ACC    11ACC      964         0
                text62                            1A2F2    1A2F2       66         0
                text61                            1A704    1A704       52         0
                text60                            139EE    139EE      6E0         0
                text59                            1B1CA    1B1CA       12         0
                text58                            1AED2    1AED2       2C         0
                text57                            19900    19900       90         0
                text56                            18920    18920       F0         0
                text55                            1B216    1B216        E         0
                text54                            18BF0    18BF0       EC         0
                text53                            1A3BE    1A3BE       64         0
                text52                            17BFE    17BFE      14C         0
                text51                            1872A    1872A      100         0
                text50                            1B160    1B160       16         0
                text49                            1B208    1B208        E         0
                text48                            177E8    177E8      166         0
                text47                            1612C    1612C      20A         0
                text46                            17AB2    17AB2      14C         0
                text45                            1B2E0    1B2E0        4         0
                text44                            1A4E4    1A4E4       5E         0
                text43                            1ADDE    1ADDE       34         0
                text42                            1B1FA    1B1FA        E         0
                text41                            1A65A    1A65A       58         0
                text40                            1B254    1B254        A         0
                text39                            1AF7C    1AF7C       28         0
                text38                            16EB2    16EB2      1B4         0
                text37                            19694    19694       A2         0
                text36                            1B2CE    1B2CE        6         0
                text35                            1AF54    1AF54       28         0
                text34                            191C8    191C8       C2         0
                text33                            1B0CA    1B0CA       1C         0
                text32                            1AEA4    1AEA4       2E         0
                text31                            1B1EC    1B1EC        E         0
                text30                            1ADAA    1ADAA       34         0
                text29                            1B062    1B062       24         0
                text28                            1AFCC    1AFCC       26         0
                text27                            1B24A    1B24A        A         0
                text26                            1ABB4    1ABB4       3A         0
                text25                            1AF2A    1AF2A       2A         0
                text24                            1B14A    1B14A       16         0
                text23                            1A28C    1A28C       66         0
                text22                            19DCA    19DCA       7E         0
                text21                            1B1B8    1B1B8       12         0
                text20                            1A5FE    1A5FE       5C         0
                text19                            19EC4    19EC4       74         0
                text18                            195F2    195F2       A2         0
                text17                            1AE76    1AE76       2E         0
                text16                            1928A    1928A       B4         0
                text15                            19D4C    19D4C       7E         0
                text14                            1954A    1954A       A8         0
                text13                            197D0    197D0       98         0
                text12                            1AD76    1AD76       34         0
                text11                            1840A    1840A      112         0
                text10                            1A982    1A982       44         0
                text9                             1A486    1A486       5E         0
                text8                             17E80    17E80      122         0
                text7                             1B03E    1B03E       24         0
                text6                             1B134    1B134       16         0
                text5                             1AB7A    1AB7A       3A         0
                text4                             1B2C8    1B2C8        6         0
                text3                             1A226    1A226       66         0
                text2                             1494C    1494C      2EC         0
                text1                             1AB40    1AB40       3A         0
                text0                             1A6B2    1A6B2       52         0
                cinit                             17FA2    17FA2      11E         0
                idataBANK5                        1A7FA    1A7FA       50         0
                idataBANK4                        1B0AA    1B0AA       20         0
                idataBANK3                        1AC28    1AC28       39         0
                idataBANK2                        1B2DA    1B2DA        5         0

        CLASS   CONST          

        CLASS   SMALLCONST     

        CLASS   MEDIUMCONST    
                mediumconst                        FB1C     FB1C      4E4         0

        CLASS   COMRAM         
                temp                                 5B       5B        1         1
                cstackCOMRAM                          1        1       56         1
                bssCOMRAM                            57       57        4         1

        CLASS   ABS1           
                abs_s1                              E7E      E7E        2         1

        CLASS   BIGRAM         

        CLASS   RAM            

        CLASS   BANK0          
                cstackBANK0                          60       60       9B         1
                bssBANK0                             FB       FB        1         1

        CLASS   BANK1          
                cstackBANK1                         100      100       FF         1
                bssBANK1                            1FF      1FF        1         1

        CLASS   BANK2          
                cstackBANK2                         200      200       B7         1
                dataBANK2                           2F7      2F7        5         1
                bssBANK2                            2B7      2B7       40         1

        CLASS   BANK3          
                dataBANK3                           3BF      3BF       39         1
                bssBANK3                            300      300       BF         1
                nvBANK3                             3F8      3F8        5         1

        CLASS   BANK4          
                dataBANK4                           4D8      4D8       20         1
                bssBANK4                            400      400       D8         1

        CLASS   BANK5          
                dataBANK5                           589      589       50         1
                bssBANK5                            500      500       89         1

        CLASS   BANK6          
                bssBANK6                            600      600       C8         1

        CLASS   BANK7          
                bssBANK7                            700      700      100         1

        CLASS   BANK8          
                bssBANK8                            800      800      100         1

        CLASS   BANK9          
                bssBANK9                            900      900      100         1

        CLASS   BANK10         
                bssBANK10                           A00      A00       C8         1

        CLASS   BANK11         

        CLASS   BANK12         

        CLASS   BANK13         

        CLASS   BANK14         

        CLASS   BANK15         

        CLASS   SFR            

        CLASS   CONFIG         
                config                            1FFF8    1FFF8        6         4

        CLASS   FARRAM         

        CLASS   IDLOC          



SEGMENTS        Name                           Load    Length   Top    Selector   Space  Class

                reset_vec                      000000  000004  000004         0       0  CODE    
                cstackCOMRAM                   000001  00005B  00005C         1       1  COMRAM  
                intcode                        000008  000048  000050         4       0  CODE    
                cstackBANK0                    000060  00009C  0000FC        60       1  BANK0   
                cstackBANK1                    000100  000100  000200       100       1  BANK1   
                cstackBANK2                    000200  0000FC  0002FC       200       1  BANK2   
                bssBANK3                       000300  0000FD  0003FD       300       1  BANK3   
                bssBANK4                       000400  0000F8  0004F8       400       1  BANK4   
                bssBANK5                       000500  0000D9  0005D9       500       1  BANK5   
                bssBANK6                       000600  0000C8  0006C8       600       1  BANK6   
                bssBANK7                       000700  000100  000800       700       1  BANK7   
                bssBANK8                       000800  000100  000900       800       1  BANK8   
                bssBANK9                       000900  000100  000A00       900       1  BANK9   
                bssBANK10                      000A00  0000C8  000AC8       A00       1  BANK10  
                mediumconst                    00FB1C  0004E4  010000      7D8E       0  MEDIUMCO
                text111                        010000  00AC61  01AC61      8000       0  CODE    
                text66                         01AC62  00067D  01B2DF      D631       0  CODE    
                text45                         01B2E0  00000A  01B2EA      D970       0  CODE    


UNUSED ADDRESS RANGES

        Name                Unused          Largest block    Delta
        BANK0            000FC-000FF               4
        BANK10           00AC8-00AFF              38
        BANK11           00B00-00BFF             100
        BANK12           00C00-00CFF             100
        BANK13           00D00-00DFF             100
        BANK14           00E00-00E7D              7E
        BANK15           00F00-00F5F              60
        BANK2            002FC-002FF               4
        BANK3            003FD-003FF               3
        BANK4            004F8-004FF               8
        BANK5            005D9-005FF              27
        BANK6            006C8-006FF              38
        BIGRAM           0005C-0005F               4
                         000FC-000FF               4
                         002FC-002FF               4
                         003FD-003FF               3
                         004F8-004FF               8
                         005D9-005FF              27
                         006C8-006FF              38
                         00AC8-00E7D             3B6
                         00F00-00F5F              60
        CODE             00004-00007               4
                         00050-0FB1B            FACC
                         1AC61-1AC61               1
                         1B2DF-1B2DF               1
                         1B2EA-1FFF7            4D0E
        COMRAM           0005C-0005F               4
        CONST            00004-00007               4
                         00050-0FB1B            FACC
                         1AC61-1AC61               1
                         1B2DF-1B2DF               1
                         1B2EA-1FFF7            4D0E
        MEDIUMCONST      01000-0FB1B            EB1C
                         1AC61-1AC61               1
                         1B2DF-1B2DF               1
                         1B2EA-1FFF7            4D0E
        RAM              000FC-000FF               4
                         002FC-002FF               4
                         003FD-003FF               3
                         004F8-004FF               8
                         005D9-005FF              27
                         006C8-006FF              38
                         00AC8-00E7D             100
                         00F00-00F5F              60
        SFR              00E80-00EFF              80
                         00F60-00FFF              A0
        SMALLCONST       01000-0FB1B             100
                         1AC61-1AC61               1
                         1B2DF-1B2DF               1
                         1B2EA-1FFF7             100
        STACK            00AC8-00E7D             3B6

                                  Symbol Table

?_ARPV4_Lookup                              cstackCOMRAM  00005
?_ETH_ComputeChecksum                       cstackCOMRAM  00005
?_ETH_GetByteCount                          cstackCOMRAM  00005
?_ETH_GetReadPtr                            cstackCOMRAM  00005
?_ETH_GetRxByteCount                        cstackCOMRAM  00005
?_ETH_NewPacket                             cstackCOMRAM  00005
?_ETH_Read16                                cstackCOMRAM  00005
?_ETH_Read32                                cstackCOMRAM  00005
?_ETH_ReadBlock                             cstackCOMRAM  00005
?_ETH_RxComputeChecksum                     cstackCOMRAM  00017
?_ETH_TxComputeChecksum                     cstackCOMRAM  00017
?_IPV4_GetDatagramLength                    cstackCOMRAM  00005
?_IPV4_PseudoHeaderChecksum                 cstackCOMRAM  00005
?_MAC_getAddress                            cstackCOMRAM  00005
?_Network_GetStartPosition                  cstackCOMRAM  00005
?_PHY_Read                                  cstackCOMRAM  00007
?_TCP_GetReceivedData                       cstackCOMRAM  0000C
?_TCP_GetRxLength                           cstackCOMRAM  0000C
?___aodiv                                   cstackCOMRAM  00005
?___aomod                                   cstackCOMRAM  00005
?___lodiv                                   cstackCOMRAM  00005
?___lomod                                   cstackCOMRAM  00005
?___wmul                                    cstackCOMRAM  00005
?_abs                                       cstackCOMRAM  00017
?_atoi                                      cstackCOMRAM  0000C
?_dtoa                                      cstackCOMRAM  00020
?_isalpha                                   cstackCOMRAM  00005
?_isdigit                                   cstackCOMRAM  00005
?_islower                                   cstackCOMRAM  00005
?_isspace                                   cstackCOMRAM  00005
?_isupper                                   cstackCOMRAM  00005
?_memcmp                                    cstackCOMRAM  00005
?_pad                                       cstackCOMRAM  00015
?_printf                                    cstackBANK0   0008D
?_sprintf                                   cstackBANK0   0008D
?_stoa                                      cstackCOMRAM  0000E
?_strcmp                                    cstackCOMRAM  00005
?_strlen                                    cstackCOMRAM  00005
?_strncmp                                   cstackCOMRAM  00005
?_time                                      cstackCOMRAM  00005
?_toupper                                   cstackCOMRAM  0000B
?_udp_table_getIterator                     cstackCOMRAM  00005
?_udp_table_nextEntry                       cstackCOMRAM  00005
?_utoa                                      cstackCOMRAM  00020
?_vfpfcnvrt                                 cstackCOMRAM  00047
?_vfprintf                                  cstackBANK0   00087
?_xtoa                                      cstackCOMRAM  00020
ARPV4_Init@x                                cstackCOMRAM  00007
ARPV4_Lookup@entry_pointer                  cstackCOMRAM  0000D
ARPV4_Lookup@ip_address                     cstackCOMRAM  00005
ARPV4_Lookup@x                              cstackCOMRAM  0000F
ARPV4_Packet@arpPtr                         cstackBANK0   00064
ARPV4_Packet@entryPointer                   cstackBANK0   00068
ARPV4_Packet@header                         cstackBANK0   0006A
ARPV4_Packet@length                         cstackBANK0   00060
ARPV4_Packet@mergeFlag                      cstackBANK0   00062
ARPV4_Packet@ret                            cstackBANK0   00063
ARPV4_Packet@x                              cstackBANK0   00066
ARPV4_Packet@x_2457                         cstackBANK0   00067
ARPV4_Request@destAddress                   cstackCOMRAM  0001F
ARPV4_Request@header                        cstackBANK0   00061
ARPV4_Request@ret                           cstackBANK0   00060
ARPV4_Update@entryPointer                   cstackCOMRAM  00005
ARPV4_Update@x                              cstackCOMRAM  00007
DHCP_Handler@F1278                          dataBANK5     00589
DHCP_Handler@a                              cstackBANK0   000A4
DHCP_Handler@a_1864                         cstackBANK0   000A8
DHCP_Handler@acceptACK                      cstackBANK0   000B7
DHCP_Handler@acceptNACK                     cstackBANK0   000B6
DHCP_Handler@acceptOffers                   cstackBANK0   000B5
DHCP_Handler@chaddr                         cstackBANK0   00094
DHCP_Handler@count                          cstackBANK0   000B3
DHCP_Handler@count_1863                     cstackBANK0   000B4
DHCP_Handler@declineOffers                  cstackBANK0   000B2
DHCP_Handler@length                         cstackBANK0   0008E
DHCP_Handler@localData                      cstackBANK0   000BD
DHCP_Handler@messageType                    cstackBANK0   000AD
DHCP_Handler@option                         cstackBANK0   000AC
DHCP_Handler@optionLength                   cstackBANK0   000BC
DHCP_Handler@origLeaseTime                  cstackBANK0   000B8
DHCP_Handler@siaddr                         cstackBANK0   000AE
DHCP_Manage@managementTimer                 bssBANK4      00424
DHCP_Manage@now                             cstackBANK0   0008B
DHCP_WriteZeros@length                      cstackCOMRAM  00006
DIO_Init@temp                               cstackCOMRAM  0000A
DIO_Read@temp                               cstackCOMRAM  00006
DIO_SetDefault@value                        cstackCOMRAM  00008
DIO_SetIO@value                             cstackCOMRAM  00005
DIO_Write@value                             cstackCOMRAM  00006
DNS_Handler@answer                          cstackBANK0   000AE
DNS_Handler@dataLength                      cstackBANK0   000B0
DNS_Handler@dnsPtr                          cstackBANK0   000B2
DNS_Handler@dnsR                            cstackBANK1   00100
DNS_Handler@entryPointer                    cstackBANK0   000B7
DNS_Handler@i                               cstackBANK0   000B4
DNS_Handler@ipAddress                       cstackBANK0   000A1
DNS_Handler@length                          cstackBANK0   0008E
DNS_Handler@lock                            cstackBANK0   000B6
DNS_Handler@nameLen                         cstackBANK0   000AD
DNS_Handler@ttl                             cstackBANK0   000A5
DNS_Handler@type                            cstackBANK0   000AB
DNS_Handler@v                               cstackBANK0   000A9
DNS_Handler@x                               cstackBANK0   000B5
ETH_CheckLinkUp@value                       cstackCOMRAM  00010
ETH_ComputeChecksum@cksm                    cstackCOMRAM  00011
ETH_ComputeChecksum@len                     cstackCOMRAM  00005
ETH_ComputeChecksum@seed                    cstackCOMRAM  00007
ETH_ComputeChecksum@v                       cstackCOMRAM  00015
ETH_Copy@len                                cstackCOMRAM  0000B
ETH_Copy@timer                              cstackCOMRAM  0000D
ETH_Copy@tmp_len                            cstackCOMRAM  0000F
ETH_Dump@length                             cstackCOMRAM  00005
ETH_GetMAC@mac                              cstackCOMRAM  00005
ETH_Init@mac                                cstackCOMRAM  00014
ETH_Insert@current_tx_ptr                   cstackCOMRAM  0000D
ETH_Insert@data                             cstackCOMRAM  00005
ETH_Insert@len                              cstackCOMRAM  00007
ETH_Insert@offset                           cstackCOMRAM  00009
ETH_NewPacket@index                         cstackCOMRAM  00009
ETH_PacketListReset@index                   cstackCOMRAM  00007
ETH_PacketListReset@ptr                     cstackCOMRAM  00005
ETH_Read16@ret                              cstackCOMRAM  00007
ETH_Read32@ret                              cstackCOMRAM  00009
ETH_Read8@ret                               cstackCOMRAM  00005
ETH_ReadBlock@buffer                        cstackCOMRAM  00005
ETH_ReadBlock@len                           cstackCOMRAM  00009
ETH_ReadBlock@length                        cstackCOMRAM  00007
ETH_ReadBlock@p                             cstackCOMRAM  0000B
ETH_RemovePacket@pPacket                    cstackCOMRAM  00005
ETH_RxComputeChecksum@cksm                  cstackCOMRAM  00029
ETH_RxComputeChecksum@len                   cstackCOMRAM  00017
ETH_RxComputeChecksum@rxptr                 cstackCOMRAM  00027
ETH_RxComputeChecksum@seed                  cstackCOMRAM  00019
ETH_Send@packetEnd                          cstackCOMRAM  0000D
ETH_SetReadPtr@rdptr                        cstackCOMRAM  00007
ETH_SetRxByteCount@count                    cstackCOMRAM  00007
ETH_Shift_Tx_Packets@len                    cstackCOMRAM  00013
ETH_Shift_Tx_Packets@pElem                  cstackCOMRAM  00015
ETH_Shift_Tx_Packets@shiftOffset            cstackCOMRAM  0000F
ETH_Shift_Tx_Packets@timer                  cstackCOMRAM  00011
ETH_TxComputeChecksum@cksm                  cstackCOMRAM  00023
ETH_TxComputeChecksum@len                   cstackCOMRAM  00019
ETH_TxComputeChecksum@position              cstackCOMRAM  00017
ETH_TxComputeChecksum@rxptr                 cstackCOMRAM  00021
ETH_TxComputeChecksum@seed                  cstackCOMRAM  0001B
ETH_Write16@data                            cstackCOMRAM  00005
ETH_Write32@data                            cstackCOMRAM  00005
ETH_Write8@data                             cstackCOMRAM  00005
ETH_WriteBlock@buffer                       cstackCOMRAM  00005
ETH_WriteBlock@length                       cstackCOMRAM  00007
ETH_WriteBlock@p                            cstackCOMRAM  00009
ETH_WriteStart@dest_mac                     cstackCOMRAM  00017
ETH_WriteStart@ethPacket                    cstackCOMRAM  0001D
ETH_WriteStart@type                         cstackCOMRAM  00019
ETH_WriteString@length                      cstackCOMRAM  00007
ETH_WriteString@string                      cstackCOMRAM  00005
ICMP_EchoReply@cksm                         cstackBANK0   00089
ICMP_EchoReply@icmp_cksm_start              cstackBANK0   00087
ICMP_EchoReply@identifier                   cstackBANK0   00083
ICMP_EchoReply@ipv4Hdr                      cstackBANK0   0007D
ICMP_EchoReply@ipv4PayloadLength            cstackBANK0   0008B
ICMP_EchoReply@ret                          cstackBANK0   0008D
ICMP_EchoReply@sequence                     cstackBANK0   00085
ICMP_PortUnreachable@cksm                   cstackBANK0   00087
ICMP_PortUnreachable@destIPAddress          cstackBANK0   00081
ICMP_PortUnreachable@length                 cstackBANK0   00085
ICMP_PortUnreachable@ret                    cstackBANK0   00089
ICMP_PortUnreachable@srcIPAddress           cstackBANK0   0007D
ICMP_Receive@icmpHdr                        cstackBANK0   00094
ICMP_Receive@ipv4Hdr                        cstackBANK0   0008E
IPV4_Packet@cksm                            cstackBANK2   0024B
IPV4_Packet@hdrLen                          cstackBANK2   00248
IPV4_Packet@length                          cstackBANK2   00249
IPV4_Packet@msg                             cstackBANK2   00220
IPV4_PseudoHeaderChecksum@cksm              cstackCOMRAM  00012
IPV4_PseudoHeaderChecksum@len               cstackCOMRAM  00011
IPV4_PseudoHeaderChecksum@payloadLen        cstackCOMRAM  00005
IPV4_PseudoHeaderChecksum@tmp               cstackCOMRAM  00016
IPV4_PseudoHeaderChecksum@v                 cstackCOMRAM  0000F
IPV4_Send@cksm                              cstackCOMRAM  0002C
IPV4_Send@payloadLength                     cstackCOMRAM  00025
IPV4_Send@ret                               cstackCOMRAM  0002B
IPV4_Send@totalLength                       cstackCOMRAM  0002E
IPv4_Start@destAddress                      cstackCOMRAM  00043
IPv4_Start@destMacAddress                   cstackCOMRAM  00054
IPv4_Start@protocol                         cstackCOMRAM  00047
IPv4_Start@ret                              cstackCOMRAM  00056
IPv4_Start@targetAddress                    cstackCOMRAM  00050
LLDP_SetDestAddress@F1317                   dataBANK4     004E5
LOG_Init@t                                  cstackCOMRAM  00051
LOG_Init@x                                  cstackCOMRAM  00055
NTP_Handler@timeIntegralPart                cstackBANK0   00090
Network_Manage@now                          cstackBANK2   002AF
Network_Manage@nowPv                        bssBANK4      0042C
Network_Read@debug_str                      cstackBANK2   0024D
Network_Read@header                         cstackBANK2   002A1
Network_Read@t                              cstackBANK2   0029D
PHY_Read@reg                                cstackCOMRAM  0000B
PHY_Read@ret                                cstackCOMRAM  0000C
PHY_WaitForBusy@ret                         cstackCOMRAM  00005
PHY_WaitForBusy@timeout                     cstackCOMRAM  00006
PHY_Write@GIESave                           cstackCOMRAM  0000A
PHY_Write@data                              cstackCOMRAM  00007
PHY_Write@reg                               cstackCOMRAM  00009
Process_TFTP_Data@address                   cstackCOMRAM  00005
Process_TFTP_Data@data                      cstackCOMRAM  00009
Process_TFTP_Data@length                    cstackCOMRAM  0000B
TCB_Check@count                             cstackCOMRAM  00009
TCB_Check@ptr                               cstackCOMRAM  00005
TCB_Check@ret                               cstackCOMRAM  00008
TCB_Check@tcbPtr                            cstackCOMRAM  0000A
TCB_Insert@ptr                              cstackCOMRAM  00005
TCB_Reset@tcbPtr                            cstackCOMRAM  00005
TCP_Bind@port                               cstackCOMRAM  0000E
TCP_Bind@tcbPtr                             cstackCOMRAM  0000C
TCP_Demo_EchoServer@bytelow                 cstackBANK0   000ED
TCP_Demo_EchoServer@datalen                 cstackBANK0   000F0
TCP_Demo_EchoServer@port7TCB                bssBANK5      00517
TCP_Demo_EchoServer@ptr                     cstackBANK0   000EA
TCP_Demo_EchoServer@rxLen                   cstackBANK0   000EE
TCP_Demo_EchoServer@rxdataPort7             bssBANK8      00800
TCP_Demo_EchoServer@socket_state            cstackBANK0   000EC
TCP_Demo_EchoServer@txdataPort7             bssBANK9      00900
TCP_FiniteStateMachine@event                cstackBANK0   000E2
TCP_FiniteStateMachine@nextState            cstackBANK0   000E3
TCP_FiniteStateMachine@notAckBytes          cstackBANK0   000E0
TCP_FiniteStateMachine@ret                  cstackBANK0   000DF
TCP_GetReceivedData@ret                     cstackCOMRAM  00012
TCP_GetReceivedData@tcbPtr                  cstackCOMRAM  0000C
TCP_GetRxLength@ret                         cstackCOMRAM  00012
TCP_GetRxLength@tcbPtr                      cstackCOMRAM  0000C
TCP_InsertRxBuffer@data                     cstackCOMRAM  0000E
TCP_InsertRxBuffer@data_len                 cstackCOMRAM  00010
TCP_InsertRxBuffer@tcbPtr                   cstackCOMRAM  0000C
TCP_Listen@tcbPtr                           cstackBANK0   000E4
TCP_ParseTCPOptions@opt                     cstackCOMRAM  0000C
TCP_ParseTCPOptions@ret                     cstackCOMRAM  0000B
TCP_ParseTCPOptions@tcpOptionsSize          cstackCOMRAM  0000D
TCP_PayloadSave@buffer_size                 cstackBANK0   000C8
TCP_PayloadSave@len                         cstackBANK0   000BE
TCP_Recv@count                              cstackBANK0   000EA
TCP_Recv@length                             cstackBANK0   000E8
TCP_Recv@remoteAddress                      cstackBANK0   000E4
TCP_Recv@tcbPtr                             cstackBANK0   000EB
TCP_Send@data                               cstackBANK0   000C0
TCP_Send@dataLen                            cstackBANK0   000C2
TCP_Send@tcbPtr                             cstackBANK0   000BE
TCP_SendDone@ret                            cstackCOMRAM  0000E
TCP_SendDone@tcbPtr                         cstackCOMRAM  0000C
TCP_Snd@cksm                                cstackBANK0   000A5
TCP_Snd@data                                cstackBANK0   000A3
TCP_Snd@payloadLength                       cstackBANK0   000A7
TCP_Snd@ret                                 cstackBANK0   000A9
TCP_Snd@tcbPtr                              cstackBANK0   0007D
TCP_Snd@txHeader                            cstackBANK0   000AA
TCP_SocketInit@tcbPtr                       cstackCOMRAM  0000C
TCP_SocketPoll@socket_ptr                   cstackCOMRAM  0000C
TCP_SocketPoll@tmpSocketState               cstackCOMRAM  0000E
TCP_Update@count                            cstackBANK0   000E8
TCP_Update@retries                          cstackBANK0   000EA
TCP_Update@tcbPtr                           cstackBANK0   000EC
TFTP_Ack@dest_port                          cstackBANK0   0008A
TFTP_Ack@opcode                             cstackBANK0   0008D
TFTP_Ack@started                            cstackBANK0   0008C
TFTP_Ack@tftp_server_address                cstackBANK0   00086
TFTP_Handler@block_size                     cstackBANK1   001C8
TFTP_Handler@data                           cstackBANK1   00164
TFTP_Handler@length                         cstackBANK0   0008E
TFTP_Handler@opcode                         cstackBANK1   001CA
TFTP_Handler@recv_buffer                    cstackBANK1   00100
TFTP_Handler@v                              cstackBANK1   001CB
TMR1_ISR@CountCallBack                      bssBANK3      00367
TMR1_SetInterruptHandler@InterruptHandler   cstackCOMRAM  00005
TMR1_WriteTimer@timerVal                    cstackCOMRAM  00001
UDP_Receive@hptr                            cstackBANK0   000F4
UDP_Receive@ret                             cstackBANK0   000F3
UDP_Receive@udpcksm                         cstackBANK0   000ED
UDP_Send@cksm                               cstackCOMRAM  00034
UDP_Send@udpLength                          cstackCOMRAM  00036
UDP_Start@destIP                            cstackBANK0   0007D
UDP_Start@dstPort                           cstackBANK0   00083
UDP_Start@ret                               cstackBANK0   00085
UDP_Start@srcPort                           cstackBANK0   00081
_ADCON1bits                                 (abs)         00FC1
_ARPV4_Init                                 text43        1ADDE
_ARPV4_Lookup                               text151       1A07C
_ARPV4_Packet                               text128       12430
_ARPV4_Request                              text143       151F6
_ARPV4_Update                               text169       1AD40
_AssetID                                    mediumconst   0FD29
_BAUDCON1bits                               (abs)         00F7E
_DHCP_Handler                               text91        12B7E
_DHCP_Manage                                text133       15770
_DHCP_WriteZeros                            text162       1B018
_DHCP_init                                  text42        1B1FA
_DIO_Init                                   text170       19CC8
_DIO_Read                                   text23        1A28C
_DIO_SetDefault                             text21        1B1B8
_DIO_SetIO                                  text20        1A5FE
_DIO_Write                                  text19        19EC4
_DNS_Handler                                text90        145FE
_ECON1                                      (abs)         00FD2
_ECON1bits                                  (abs)         00FD2
_ECON2                                      (abs)         00EFE
_EDMADST                                    (abs)         00EF4
_EDMAND                                     (abs)         00EF2
_EDMAST                                     (abs)         00EF0
_EIE                                        (abs)         00EFB
_EIEbits                                    (abs)         00EFB
_EIRbits                                    (abs)         00F60
_ERDPT                                      (abs)         00F7A
_ERXFCON                                    (abs)         00ED8
_ERXND                                      (abs)         00EEA
_ERXRDPT                                    (abs)         00EEC
_ERXST                                      (abs)         00EE8
_ESTATbits                                  (abs)         00EFD
_ETH_CheckLinkUp                            text166       1AD0A
_ETH_ComputeChecksum                        text155       17D4A
_ETH_Copy                                   text123       18624
_ETH_Dump                                   text124       1A84A
_ETH_EdataRead                              text156       1B2A4
_ETH_EdataWrite                             text164       1B2D4
_ETH_EventHandler                           text131       1933E
_ETH_Flush                                  text127       19A20
_ETH_GetByteCount                           text160       1B176
_ETH_GetMAC                                 text44        1A4E4
_ETH_GetReadPtr                             text85        1B268
_ETH_GetRxByteCount                         text84        1B25E
_ETH_Init                                   text38        16EB2
_ETH_Insert                                 text159       1A0E8
_ETH_NewPacket                              text149       1673C
_ETH_NextPacketUpdate                       text126       1AA0A
_ETH_PacketListReset                        text41        1A65A
_ETH_Read16                                 text122       1A93A
_ETH_Read32                                 text107       1A422
_ETH_Read8                                  text110       1AE12
_ETH_ReadBlock                              text129       1A154
_ETH_RemovePacket                           text132       182F2
_ETH_ResetByteCount                         text148       1B29A
_ETH_RxComputeChecksum                      text125       193F0
_ETH_SaveRDPT                               text121       1B290
_ETH_Send                                   text157       18DC8
_ETH_SendQueued                             text158       19B36
_ETH_SetReadPtr                             text103       1B286
_ETH_SetRxByteCount                         text83        1B232
_ETH_Shift_Tx_Packets                       text146       16B2A
_ETH_TxComputeChecksum                      text154       19BBE
_ETH_Write16                                text142       1B224
_ETH_Write32                                text141       1B102
_ETH_Write8                                 text163       1B2AE
_ETH_WriteBlock                             text150       1A1BE
_ETH_WriteStart                             text145       15C80
_ETH_WriteString                            text161       19C44
_ETXND                                      (abs)         00EE6
_ETXST                                      (abs)         00EE4
_EWRPT                                      (abs)         00EE2
_FirmwareRevision                           mediumconst   0FD19
_GIE                                        (abs)         07F97
_HardwareRevision                           mediumconst   0FD21
_ICMP_EchoReply                             text120       17502
_ICMP_PortUnreachable                       text101       181DA
_ICMP_Receive                               text119       1851C
_INTCON                                     (abs)         00FF2
_INTCONbits                                 (abs)         00FF2
_INTERRUPT_Initialize                       text45        1B2E0
_INTERRUPT_InterruptManager                 intcode       00008
_IPV4_GetDatagramLength                     text100       1B1DC
_IPV4_Init                                  text36        1B2CE
_IPV4_Packet                                text60        139EE
_IPV4_PseudoHeaderChecksum                  text118       18B00
_IPV4_Send                                  text153       19736
_IPv4_Start                                 text140       15A08
_LATA                                       (abs)         00F89
_LATB                                       (abs)         00F8A
_LATBbits                                   (abs)         00F8A
_LATC                                       (abs)         00F8B
_LATD                                       (abs)         00F8C
_LATE                                       (abs)         00F8D
_LATF                                       (abs)         00F8E
_LATG                                       (abs)         00F8F
_LLDP_DecTTR                                text130       1B0E6
_LLDP_Packet                                text50        1B160
_LLDP_createCiscoClass                      (abs)         00000
_LLDP_createCiscoMDI                        (abs)         00000
_LLDP_createCiscoOUI                        (abs)         00000
_LLDP_createCiscoProtocol                   (abs)         00000
_LLDP_createCisco_MUD_Ext                   (abs)         00000
_LLDP_createIeeeConfig                      (abs)         00000
_LLDP_createIeeeMDI                         (abs)         00000
_LLDP_createTiaMED_cap                      (abs)         00000
_LLDP_createTia_Asset_ID                    (abs)         00000
_LLDP_createTia_FW_Rev                      (abs)         00000
_LLDP_createTia_HW_Rev                      (abs)         00000
_LLDP_createTia_Manufacturer_Name           (abs)         00000
_LLDP_createTia_Model_Name                  (abs)         00000
_LLDP_createTia_Net_pol                     (abs)         00000
_LLDP_createTia_PWR_MDI                     (abs)         00000
_LLDP_createTia_SW_Rev                      (abs)         00000
_LLDP_createTia_Srl_Num                     (abs)         00000
_LOG_Init                                   text34        191C8
_MAADR1                                     (abs)         00E84
_MAADR2                                     (abs)         00E85
_MAADR3                                     (abs)         00E82
_MAADR4                                     (abs)         00E83
_MAADR5                                     (abs)         00E80
_MAADR6                                     (abs)         00E81
_MABBIPG                                    (abs)         00EA4
_MACON1                                     (abs)         00EA0
_MACON3                                     (abs)         00EA2
_MACON4                                     (abs)         00EA3
_MAC_getAddress                             text40        1B254
_MAIPG                                      (abs)         00EA6
_MAMXFL                                     (abs)         00EAA
_MICMD                                      (abs)         00EB2
_MICMDbits                                  (abs)         00EB2
_MIRD                                       (abs)         00EB8
_MIREGADR                                   (abs)         00EB4
_MISTATbits                                 (abs)         00E8A
_MIWR                                       (abs)         00EB6
_MUDExt                                     mediumconst   0FCBE
_Manufacturer                               mediumconst   0FCF7
_ModelName                                  mediumconst   0FCDF
_NTP_Handler                                text89        19F38
_Network_GetStartPosition                   text102       1B27C
_Network_Init                               text28        1AFCC
_Network_Manage                             text46        17AB2
_Network_Read                               text48        177E8
_Network_SaveStartPosition                  text49        1B208
_Network_WaitForLink                        text33        1B0CA
_OSCCON                                     (abs)         00FD3
_OSCILLATOR_Initialize                      text27        1B24A
_OSCTUNE                                    (abs)         00F9B
_PHY_Read                                   text167       19E48
_PHY_WaitForBusy                            text168       1A7A8
_PHY_Write                                  text39        1AF7C
_PIE1bits                                   (abs)         00F9D
_PIN_MANAGER_Initialize                     text26        1ABB4
_PIR1bits                                   (abs)         00F9E
_PIR2bits                                   (abs)         00FA1
_PORTAbits                                  (abs)         00F80
_PortDescription                            mediumconst   0FCEC
_PortInterfaceName                          dataBANK4     004EB
_Process_TFTP_Data                          text98        1B2E6
_RCONbits                                   (abs)         00FD0
_RCREG1                                     (abs)         00FAE
_RCSTAbits                                  (abs)         00FAB
_RXRST                                      (abs)         07E96
_SPBRG                                      (abs)         00FAF
_SSP1BUF                                    (abs)         00FC9
_SSP1CON1bits                               (abs)         00FC6
_SSP1CON2bits                               (abs)         00FC5
_SSPADD                                     (abs)         00FC8
_SYSTEM_Initialize                          text24        1B14A
_SerialNumber                               mediumconst   0FD09
_SoftwareRevision                           mediumconst   0FD11
_T1CON                                      (abs)         00FCD
_T1CONbits                                  (abs)         00FCD
_TCB_Check                                  text18        195F2
_TCB_Insert                                 text9         1A486
_TCB_Reset                                  text117       180C0
_TCP_Bind                                   text17        1AE76
_TCP_Demo_EchoServer                        text2         1494C
_TCP_FiniteStateMachine                     text111       10000
_TCP_FiniteStateMachine$3396                cstackBANK0   000D2
_TCP_FiniteStateMachine$3397                cstackBANK0   000D3
_TCP_FiniteStateMachine$3398                cstackBANK0   000D4
_TCP_FiniteStateMachine$3399                cstackBANK0   000D5
_TCP_FiniteStateMachine$3400                cstackBANK0   000D6
_TCP_FiniteStateMachine$3401                cstackBANK0   000D7
_TCP_FiniteStateMachine$3403                cstackBANK0   000D8
_TCP_FiniteStateMachine$3404                cstackBANK0   000D9
_TCP_FiniteStateMachine$3405                cstackBANK0   000DA
_TCP_FiniteStateMachine$3406                cstackBANK0   000DB
_TCP_FiniteStateMachine$3407                cstackBANK0   000DC
_TCP_FiniteStateMachine$3408                cstackBANK0   000DD
_TCP_FiniteStateMachine$3409                cstackBANK0   000DE
_TCP_GetReceivedData                        text16        1928A
_TCP_GetRxLength                            text15        19D4C
_TCP_Init                                   text32        1AEA4
_TCP_InsertRxBuffer                         text14        1954A
_TCP_Listen                                 text13        197D0
_TCP_ParseTCPOptions                        text109       16CF0
_TCP_PayloadSave                            text115       17678
_TCP_Recv                                   text108       140CE
_TCP_Send                                   text11        1840A
_TCP_SendDone                               text10        1A982
_TCP_Snd                                    text116       132BE
_TCP_SocketInit                             text8         17E80
_TCP_SocketPoll                             text12        1AD76
_TCP_TimoutRetransmit                       text114       1A010
_TCP_Update                                 text47        1612C
_TFTP_Ack                                   text97        19868
_TFTP_Handler                               text92        154B6
_TFTP_callBackTable                         mediumconst   0FB1D
_TMR1                                       (abs)         00FCE
_TMR1H                                      (abs)         00FCF
_TMR1L                                      (abs)         00FCE
_TMR1_CallBack                              text177       1AE44
_TMR1_DefaultInterruptHandler               text178       1B2E8
_TMR1_ISR                                   text175       1ABEE
_TMR1_Initialize                            text25        1AF2A
_TMR1_InterruptHandler                      nvBANK3       003F8
_TMR1_SetInterruptHandler                   text31        1B1EC
_TMR1_WriteTimer                            text176       1AFA4
_TRISA                                      (abs)         00F92
_TRISAbits                                  (abs)         00F92
_TRISB                                      (abs)         00F93
_TRISBbits                                  (abs)         00F93
_TRISC                                      (abs)         00F94
_TRISCbits                                  (abs)         00F94
_TRISD                                      (abs)         00F95
_TRISE                                      (abs)         00F96
_TRISEbits                                  (abs)         00F96
_TRISF                                      (abs)         00F97
_TRISG                                      (abs)         00F98
_TXREG1                                     (abs)         00FAD
_TXSTA1bits                                 (abs)         00FAC
_TXSTAbits                                  (abs)         00FAC
_UDP_CallBackTable                          mediumconst   0FCAA
_UDP_Receive                                text86        16936
_UDP_Send                                   text152       18CDC
_UDP_Start                                  text139       1A358
__HRAM                                      (abs)         00000
__Habs1                                     abs1          00000
__Hbank0                                    bank0         00000
__Hbank1                                    bank1         00000
__Hbank10                                   bank10        00000
__Hbank11                                   bank11        00000
__Hbank12                                   bank12        00000
__Hbank13                                   bank13        00000
__Hbank14                                   bank14        00000
__Hbank15                                   bank15        00000
__Hbank2                                    bank2         00000
__Hbank3                                    bank3         00000
__Hbank4                                    bank4         00000
__Hbank5                                    bank5         00000
__Hbank6                                    bank6         00000
__Hbank7                                    bank7         00000
__Hbank8                                    bank8         00000
__Hbank9                                    bank9         00000
__Hbigbss                                   bigbss        00000
__Hbigdata                                  bigdata       00000
__Hbigram                                   bigram        00000
__Hbss                                      bss           00000
__HbssBANK0                                 bssBANK0      00000
__HbssBANK1                                 bssBANK1      00000
__HbssBANK10                                bssBANK10     00000
__HbssBANK2                                 bssBANK2      00000
__HbssBANK3                                 bssBANK3      00000
[...]
swapEvenBytes@len                           cstackCOMRAM  00007
swapEvenBytes@ptr                           cstackCOMRAM  00005
swapEvenBytes@spare                         cstackCOMRAM  0000A
swapEvenBytes@times                         cstackCOMRAM  0000B
swapEvenBytes@x                             cstackCOMRAM  0000E
time@gie_val                                cstackCOMRAM  0000D
time@t                                      cstackCOMRAM  00005
time@the_time                               cstackCOMRAM  0000E
toupper@c                                   cstackCOMRAM  0000B
ttemp5                                      temp          0005C
ttemp6                                      temp          0005F
ttemp7                                      temp          00063
txStateMachine@txState                      bssBANK2      002DB
uart_flushtx@i                              cstackCOMRAM  00006
uart_write@data                             cstackCOMRAM  00005
uart_writebuff@data                         cstackCOMRAM  00005
uart_writebuff@i                            bssBANK2      002D9
uart_writebuff@size                         cstackCOMRAM  00007
udp_table_nextEntry@i                       cstackCOMRAM  00005
utoa@d                                      cstackCOMRAM  00022
utoa@fp                                     cstackCOMRAM  00020
utoa@i                                      cstackCOMRAM  0003E
utoa@n                                      cstackCOMRAM  00036
utoa@p                                      cstackCOMRAM  00032
utoa@w                                      cstackCOMRAM  00034
vfpfcnvrt@ap                                cstackCOMRAM  0004B
vfpfcnvrt@c                                 cstackBANK0   0007E
vfpfcnvrt@cp                                cstackBANK0   0006E
vfpfcnvrt@done                              cstackBANK0   00070
vfpfcnvrt@fmt                               cstackCOMRAM  00049
vfpfcnvrt@fp                                cstackCOMRAM  00047
vfpfcnvrt@ll                                cstackBANK0   00076
vfpfcnvrt@llu                               cstackBANK0   0007F
vfprintf@ap                                 cstackBANK0   0008B
vfprintf@cfmt                               cstackCOMRAM  0004D
vfprintf@fmt                                cstackBANK0   00089
vfprintf@fp                                 cstackBANK0   00087
wtemp8                                      temp          0005C
xtoa@c                                      cstackCOMRAM  00045
xtoa@d                                      cstackCOMRAM  00022
xtoa@fp                                     cstackCOMRAM  00020
xtoa@i                                      cstackCOMRAM  00043
xtoa@n                                      cstackCOMRAM  0003B
xtoa@p                                      cstackCOMRAM  00037
xtoa@w                                      cstackCOMRAM  00039
xtoa@x                                      cstackCOMRAM  0002A


MODULE INFORMATION

Module		Function		Class		Link	Load	Size
mcc_generated_files/TCPIPLibrary/ETHxxJ6x_driver.c
		_ETH_EdataRead 		CODE           	1B2A4	0000	10
		_ETH_NewPacket 		CODE           	1673C	0000	506
		_PHY_Read      		CODE           	19E48	0000	124
		_ETH_ComputeChecksum		CODE           	17D4A	0000	310
		_ETH_EdataWrite		CODE           	1B2D4	0000	6
		_ETH_CheckLinkUp		CODE           	1AD0A	0000	54
		_ETH_Write8    		CODE           	1B2AE	0000	10
		_ETH_Write32   		CODE           	1B102	0000	26
		_ETH_Write16   		CODE           	1B224	0000	14
		_ETH_Shift_Tx_Packets		CODE           	16B2A	0000	454
		_ETH_Insert    		CODE           	1A0E8	0000	108
		_ETH_Read8     		CODE           	1AE12	0000	50
		_ETH_Read32    		CODE           	1A422	0000	100
		_ETH_Read16    		CODE           	1A93A	0000	72
		_ETH_GetRxByteCount		CODE           	1B25E	0000	10
		_ETH_Init      		CODE           	16EB2	0000	436
		_ETH_RxComputeChecksum		CODE           	193F0	0000	174
		_ETH_SetRxByteCount		CODE           	1B232	0000	12
		_ETH_NextPacketUpdate		CODE           	1AA0A	0000	66
		_ETH_Flush     		CODE           	19A20	0000	140
		_ETH_PacketListReset		CODE           	1A65A	0000	88
		_ETH_WriteBlock		CODE           	1A1BE	0000	104
		_ETH_Send      		CODE           	18DC8	0000	210
		_ETH_WriteStart		CODE           	15C80	0000	608
		_ETH_ReadBlock 		CODE           	1A154	0000	106
		_ETH_Copy      		CODE           	18624	0000	262
		_ETH_GetMAC    		CODE           	1A4E4	0000	94
		_PHY_WaitForBusy		CODE           	1A7A8	0000	82
		_ETH_ResetByteCount		CODE           	1B29A	0000	10
		_ETH_SaveRDPT  		CODE           	1B290	0000	10
		_ETH_Dump      		CODE           	1A84A	0000	80
		_ETH_GetByteCount		CODE           	1B176	0000	22
		_ETH_SendQueued		CODE           	19B36	0000	136
		_ETH_WriteString		CODE           	19C44	0000	132
		_ETH_TxComputeChecksum		CODE           	19BBE	0000	134
		_ETH_RemovePacket		CODE           	182F2	0000	280
		_PHY_Write     		CODE           	1AF7C	0000	40
		_MAC_getAddress		CODE           	1B254	0000	10
		_ETH_GetReadPtr		CODE           	1B268	0000	10
		_ETH_EventHandler		CODE           	1933E	0000	178
		_ETH_SetReadPtr		CODE           	1B286	0000	10

mcc_generated_files/TCPIPLibrary/ETHxxJ6x_driver.c estimated size: 5288

C:\Program Files\Microchip\xc8\v2.32\pic\sources\c99\common\memset.c
		_memset        		CODE           	1738C	0000	374

C:\Program Files\Microchip\xc8\v2.32\pic\sources\c99\common\memset.c estimated size: 374

mcc_generated_files/TCPIPLibrary/dns_client.c
		_DNS_Handler   		CODE           	145FE	0000	846

mcc_generated_files/TCPIPLibrary/dns_client.c estimated size: 846

C:\Program Files\Microchip\xc8\v2.32\pic\sources\c99\common\nf_sprintf.c
		_sprintf       		CODE           	1A704	0000	82

C:\Program Files\Microchip\xc8\v2.32\pic\sources\c99\common\nf_sprintf.c estimated size: 82

C:\Program Files\Microchip\xc8\v2.32\pic\sources\c99\common\isdigit.c
		_isdigit       		CODE           	1ACD2	0000	56

C:\Program Files\Microchip\xc8\v2.32\pic\sources\c99\common\isdigit.c estimated size: 56

mcc_generated_files/TCPIPLibrary/tcpv4.c
		_TCP_InsertRxBuffer		CODE           	1954A	0000	168
		_TCP_FiniteStateMachine		CODE           	10000	0000	6860
		_TCP_Bind      		CODE           	1AE76	0000	46
		_TCB_Check     		CODE           	195F2	0000	162
		_TCP_ParseTCPOptions		CODE           	16CF0	0000	450
		_TCP_Listen    		CODE           	197D0	0000	152
		_TCP_GetRxLength		CODE           	19D4C	0000	126
		_TCB_Reset     		CODE           	180C0	0000	282
		_TCP_GetReceivedData		CODE           	1928A	0000	180
		_TCP_Init      		CODE           	1AEA4	0000	46
		_TCP_Send      		CODE           	1840A	0000	274
		_TCP_SendDone  		CODE           	1A982	0000	68
		_TCP_TimoutRetransmit		CODE           	1A010	0000	108
		_TCP_SocketPoll		CODE           	1AD76	0000	52
		_TCP_SocketInit		CODE           	17E80	0000	290
		_TCP_Snd       		CODE           	132BE	0000	1840
		_TCB_Insert    		CODE           	1A486	0000	94
		_TCP_PayloadSave		CODE           	17678	0000	368
		_TCP_Recv      		CODE           	140CE	0000	1328
		_TCP_Update    		CODE           	1612C	0000	522

mcc_generated_files/TCPIPLibrary/tcpv4.c estimated size: 13416

C:\Program Files\Microchip\xc8\v2.32\pic\sources\c99\common\doprnt.c
		_vfpfcnvrt     		CODE           	11ACC	0000	2404
		_pad           		CODE           	19102	0000	198
		_dtoa          		CODE           	14C38	0000	740
		_vfprintf      		CODE           	1A2F2	0000	102
		_stoa          		CODE           	17066	0000	414
		_utoa          		CODE           	16336	0000	516
		_xtoa          		CODE           	14F1C	0000	730

C:\Program Files\Microchip\xc8\v2.32\pic\sources\c99\common\doprnt.c estimated size: 5104

mcc_generated_files/TCPIPLibrary/udpv4.c
		_UDP_Receive   		CODE           	16936	0000	500
		_UDP_Send      		CODE           	18CDC	0000	236
		_UDP_Start     		CODE           	1A358	0000	102

mcc_generated_files/TCPIPLibrary/udpv4.c estimated size: 838

mcc_generated_files/TCPIPLibrary/udpv4_port_handler_table.c
		_udp_table_nextEntry		CODE           	1AB04	0000	60
		_udp_table_getIterator		CODE           	1B272	0000	10

mcc_generated_files/TCPIPLibrary/udpv4_port_handler_table.c estimated size: 70

app_files/i2c_eeprom.c
		_i2c_eeprom_write		CODE           	19DCA	0000	126
		_i2c_start     		CODE           	1B1A2	0000	22
		_i2c_eeprom_read		CODE           	1949E	0000	172
		_i2c_stop      		CODE           	1B18C	0000	22

app_files/i2c_eeprom.c estimated size: 342

mcc_generated_files/interrupt_manager.c
		_INTERRUPT_Initialize		CODE           	1B2E0	0000	4
		_INTERRUPT_InterruptManager		CODE           	0008	0000	68

mcc_generated_files/interrupt_manager.c estimated size: 72

C:\Program Files\Microchip\xc8\v2.32\pic\sources\c99\common\lomod.c
		___lomod       		CODE           	18E9A	0000	208

C:\Program Files\Microchip\xc8\v2.32\pic\sources\c99\common\lomod.c estimated size: 208

app_files/UART.c
		_uart_write    		CODE           	1B134	0000	22
		_uart_flushrx  		CODE           	1B03E	0000	36
		_uart_flushtx  		CODE           	1AB7A	0000	58
		_uart_getrx_size		CODE           	1B2C8	0000	6
		_uart_writebuff		CODE           	1A226	0000	102
		_uart_pollforreceive		CODE           	1AB40	0000	58

app_files/UART.c estimated size: 282

mcc_generated_files/pin_manager.c
		_PIN_MANAGER_Initialize		CODE           	1ABB4	0000	58

mcc_generated_files/pin_manager.c estimated size: 58

mcc_generated_files/TCPIPLibrary/ip_database.c
		_ipdb_init     		CODE           	19694	0000	162

mcc_generated_files/TCPIPLibrary/ip_database.c estimated size: 162

mcc_generated_files/TCPIPLibrary/ntp.c
		_NTP_Handler   		CODE           	19F38	0000	108

mcc_generated_files/TCPIPLibrary/ntp.c estimated size: 108

mcc_generated_files/TCPIPLibrary/icmp.c
		_ICMP_PortUnreachable		CODE           	181DA	0000	280
		_resetPortUnreachable		CODE           	1B23E	0000	12
		_ICMP_Receive  		CODE           	1851C	0000	264
		_isPortUnreachable		CODE           	1B086	0000	36
		_ICMP_EchoReply		CODE           	17502	0000	374

mcc_generated_files/TCPIPLibrary/icmp.c estimated size: 966

mcc_generated_files/TCPIPLibrary/log.c
		_LOG_Init      		CODE           	191C8	0000	194

mcc_generated_files/TCPIPLibrary/log.c estimated size: 194

C:\Program Files\Microchip\xc8\v2.32\pic\sources\c99\common\memcmp.c
		_memcmp        		CODE           	18F6A	0000	206

C:\Program Files\Microchip\xc8\v2.32\pic\sources\c99\common\memcmp.c estimated size: 206

C:\Program Files\Microchip\xc8\v2.32\pic\sources\c99\common\memcpy.c
		_memcpy        		CODE           	1A8EA	0000	80

C:\Program Files\Microchip\xc8\v2.32\pic\sources\c99\common\memcpy.c estimated size: 80

C:\Program Files\Microchip\xc8\v2.32\pic\sources\c99\common\atoi.c
		_atoi          		CODE           	1653A	0000	514

C:\Program Files\Microchip\xc8\v2.32\pic\sources\c99\common\atoi.c estimated size: 514

mcc_generated_files/TCPIPLibrary/network.c
		_Network_GetStartPosition		CODE           	1B27C	0000	10
		_Network_SaveStartPosition		CODE           	1B208	0000	14
		_Network_Read  		CODE           	177E8	0000	358
		_Network_Init  		CODE           	1AFCC	0000	38
		_Network_WaitForLink		CODE           	1B0CA	0000	28
		_timersInit    		CODE           	1B062	0000	36
		_Network_Manage		CODE           	17AB2	0000	332

mcc_generated_files/TCPIPLibrary/network.c estimated size: 816

C:\Program Files\Microchip\xc8\v2.32\pic\sources\c99\common\nf_fputs.c
		_fputs         		CODE           	1A9C6	0000	68

C:\Program Files\Microchip\xc8\v2.32\pic\sources\c99\common\nf_fputs.c estimated size: 68

C:\Program Files\Microchip\xc8\v2.32\pic\sources\c99\common\putch.c
		_putch         		CODE           	1B2E4	0000	2

C:\Program Files\Microchip\xc8\v2.32\pic\sources\c99\common\putch.c estimated size: 2

C:\Program Files\Microchip\xc8\v2.32\pic\sources\c99\common\isupper.c
		_isupper       		CODE           	1AC9A	0000	56

C:\Program Files\Microchip\xc8\v2.32\pic\sources\c99\common\isupper.c estimated size: 56

C:\Program Files\Microchip\xc8\v2.32\pic\sources\c99\common\Umul16.c
		___wmul        		CODE           	1AFF2	0000	38

C:\Program Files\Microchip\xc8\v2.32\pic\sources\c99\common\Umul16.c estimated size: 38

mcc_generated_files/TCPIPLibrary/lldp.c
		_processCiscoPowerTlv		CODE           	1A3BE	0000	100
		_rxProcessFrame		CODE           	1872A	0000	256
		_processEnd    		CODE           	1AED2	0000	44
		_processError  		CODE           	1B1CA	0000	18
		_processMandatory		CODE           	18920	0000	240
		_LLDP_DecTTR   		CODE           	1B0E6	0000	28
		_processSpecific		CODE           	17BFE	0000	332
		_processOptional		CODE           	1B216	0000	14
		_swapEvenBytes 		CODE           	19900	0000	144
		_LLDP_Packet   		CODE           	1B160	0000	22
		_processIEEE3PowerTlv		CODE           	18BF0	0000	236

mcc_generated_files/TCPIPLibrary/lldp.c estimated size: 1434

C:\Program Files\Microchip\xc8\v2.32\pic\sources\c99\common\abs.c
		_abs           		CODE           	1AA4C	0000	64

C:\Program Files\Microchip\xc8\v2.32\pic\sources\c99\common\abs.c estimated size: 64

mcc_generated_files/TCPIPLibrary/arpv4.c
		_ARPV4_Packet  		CODE           	12430	0000	1870
		_ARPV4_Init    		CODE           	1ADDE	0000	52
		_ARPV4_Lookup  		CODE           	1A07C	0000	108
		_ARPV4_Update  		CODE           	1AD40	0000	54
		_ARPV4_Request 		CODE           	151F6	0000	704

mcc_generated_files/TCPIPLibrary/arpv4.c estimated size: 2788

C:\Program Files\Microchip\xc8\v2.32\pic\sources\c99\common\aomod.c
		___aomod       		CODE           	1794E	0000	356

C:\Program Files\Microchip\xc8\v2.32\pic\sources\c99\common\aomod.c estimated size: 356

mcc_generated_files/TCPIPLibrary/ipv4.c
		_IPV4_Send     		CODE           	19736	0000	154
		_getHeaderLen  		CODE           	1AAC8	0000	60
		_IPV4_Packet   		CODE           	139EE	0000	1760
		_IPV4_GetDatagramLength		CODE           	1B1DC	0000	16
		_IPV4_PseudoHeaderChecksum		CODE           	18B00	0000	240
		_IPv4_Start    		CODE           	15A08	0000	632
		_IPV4_Init     		CODE           	1B2CE	0000	6

mcc_generated_files/TCPIPLibrary/ipv4.c estimated size: 2868

C:\Program Files\Microchip\xc8\v2.32\pic\sources\c99\common\isspace.c
		_isspace       		CODE           	1A756	0000	82

C:\Program Files\Microchip\xc8\v2.32\pic\sources\c99\common\isspace.c estimated size: 82

mcc_generated_files/TCPIPLibrary/rtcc.c
		_rtcc_handler  		CODE           	1B11C	0000	24
		_rtcc_init     		CODE           	1ADAA	0000	52
		_time          		CODE           	19990	0000	144
		_rtcc_set      		CODE           	1A5A0	0000	94

mcc_generated_files/TCPIPLibrary/rtcc.c estimated size: 314

C:\Program Files\Microchip\xc8\v2.32\pic\sources\c99\common\islower.c
		_islower       		CODE           	1AC62	0000	56

C:\Program Files\Microchip\xc8\v2.32\pic\sources\c99\common\islower.c estimated size: 56

mcc_generated_files/TCPIPLibrary/tftp.c
		_TFTP_Ack      		CODE           	19868	0000	152
		_Process_TFTP_Data		CODE           	1B2E6	0000	2
		_TFTP_Handler  		CODE           	154B6	0000	698

mcc_generated_files/TCPIPLibrary/tftp.c estimated size: 852

C:\Program Files\Microchip\xc8\v2.32\pic\sources\c99\common\lodiv.c
		___lodiv       		CODE           	18A10	0000	240

C:\Program Files\Microchip\xc8\v2.32\pic\sources\c99\common\lodiv.c estimated size: 240

C:\Program Files\Microchip\xc8\v2.32\pic\sources\c99\common\strncmp.c
		_strncmp       		CODE           	1882A	0000	246

C:\Program Files\Microchip\xc8\v2.32\pic\sources\c99\common\strncmp.c estimated size: 246

shared
		_dhcpName      		MEDIUMCONST    	FC95	0000	21
		_AddressType   		MEDIUMCONST    	0000	0000	0
		_MUDExt        		MEDIUMCONST    	FCBE	0000	17
		_SoftwareRevision		MEDIUMCONST    	FD11	0000	8
		___secs_to_tm@days_in_month		MEDIUMCONST    	FB8F	0000	12
		_PortDescription		MEDIUMCONST    	FCEC	0000	11
		_ModelName     		MEDIUMCONST    	FCDF	0000	13
		_UDP_CallBackTable		MEDIUMCONST    	FCAA	0000	20
		_TFTP_callBackTable		MEDIUMCONST    	FB1D	0000	1
		__initialization		CODE           	17FA2	0000	276
		_xorSequences  		MEDIUMCONST    	FB7D	0000	18
		_genericMAC    		MEDIUMCONST    	FB9B	0000	6
		_SerialNumber  		MEDIUMCONST    	FD09	0000	8
		___month_to_secs@secs_through_month		MEDIUMCONST    	0000	0000	0
		_lldpCallFixedTlvTable		MEDIUMCONST    	FC5D	0000	56
		_AssetID       		MEDIUMCONST    	FD29	0000	6
		_broadcastMAC  		MEDIUMCONST    	FD2F	0000	6
		_severityThresholdTable		MEDIUMCONST    	FB4D	0000	48
		_tftp_option   		MEDIUMCONST    	FD01	0000	8
		_lldporgProcessingTlvTable		MEDIUMCONST    	FCCF	0000	16
		_FirmwareRevision		MEDIUMCONST    	FD19	0000	8
		_lldpCallOrgSpecTlvTable		MEDIUMCONST    	FBA2	0000	187
		_Manufacturer  		MEDIUMCONST    	FCF7	0000	10
		_HardwareRevision		MEDIUMCONST    	FD21	0000	8
		___gmt         		MEDIUMCONST    	FD35	0000	4

shared estimated size: 768

mcc_generated_files/mcc.c
		_OSCILLATOR_Initialize		CODE           	1B24A	0000	10
		_SYSTEM_Initialize		CODE           	1B14A	0000	22

mcc_generated_files/mcc.c estimated size: 32

mcc_generated_files/TCPIPLibrary/dhcp_client.c
		_DHCP_Handler  		CODE           	12B7E	0000	1856
		_sendDHCPDISCOVER		CODE           	19AAC	0000	138
		_DHCP_init     		CODE           	1B1FA	0000	14
		_DHCP_WriteZeros		CODE           	1B018	0000	38
		_sendRequest   		CODE           	15EE0	0000	588
		_DHCP_Manage   		CODE           	15770	0000	664
		_sendDHCPDECLINE		CODE           	1B2B8	0000	8
		_sendDHCPREQUEST		CODE           	1B2C0	0000	8

mcc_generated_files/TCPIPLibrary/dhcp_client.c estimated size: 3314

C:\Program Files\Microchip\xc8\v2.32\pic\sources\c99\common\toupper.c
		_toupper       		CODE           	1A542	0000	94

C:\Program Files\Microchip\xc8\v2.32\pic\sources\c99\common\toupper.c estimated size: 94

mcc_generated_files/tmr1.c
		_TMR1_Initialize		CODE           	1AF2A	0000	42
		_TMR1_SetInterruptHandler		CODE           	1B1EC	0000	14
		_TMR1_DefaultInterruptHandler		CODE           	1B2E8	0000	2
		_TMR1_CallBack 		CODE           	1AE44	0000	50
		_TMR1_WriteTimer		CODE           	1AFA4	0000	40
		_TMR1_ISR      		CODE           	1ABEE	0000	58

mcc_generated_files/tmr1.c estimated size: 206

C:\Program Files\Microchip\xc8\v2.32\pic\sources\c99\common\isalpha.c
		_isalpha       		CODE           	1AA8C	0000	60

C:\Program Files\Microchip\xc8\v2.32\pic\sources\c99\common\isalpha.c estimated size: 60

app_files/DIO.c
		_DIO_SetDefault		CODE           	1B1B8	0000	18
		_DIO_Write     		CODE           	19EC4	0000	116
		_DIO_Read      		CODE           	1A28C	0000	102
		_DIO_Init      		CODE           	19CC8	0000	132
		_DIO_SetIO     		CODE           	1A5FE	0000	92

app_files/DIO.c estimated size: 460

app_files/tcp_server_demo.c
		_TCP_Demo_EchoServer		CODE           	1494C	0000	748

app_files/tcp_server_demo.c estimated size: 748

mcc_generated_files/TCPIPLibrary/lfsr.c
		_lfsrWithSeed  		CODE           	1AEFE	0000	44

mcc_generated_files/TCPIPLibrary/lfsr.c estimated size: 44

C:\Program Files\Microchip\xc8\v2.32\pic\sources\c99\common\printf.c
		_printf        		CODE           	1AF54	0000	40

C:\Program Files\Microchip\xc8\v2.32\pic\sources\c99\common\printf.c estimated size: 40

C:\Program Files\Microchip\xc8\v2.32\pic\sources\c99\common\nf_fputc.c
		_fputc         		CODE           	19038	0000	202

C:\Program Files\Microchip\xc8\v2.32\pic\sources\c99\common\nf_fputc.c estimated size: 202

C:\Program Files\Microchip\xc8\v2.32\pic\sources\c99\common\aodiv.c
		___aodiv       		CODE           	17204	0000	392

C:\Program Files\Microchip\xc8\v2.32\pic\sources\c99\common\aodiv.c estimated size: 392

main.c
		_main          		CODE           	1A6B2	0000	82

main.c estimated size: 82

C:\Program Files\Microchip\xc8\v2.32\pic\sources\c99\common\strlen.c
		_strlen        		CODE           	1A89A	0000	80

C:\Program Files\Microchip\xc8\v2.32\pic\sources\c99\common\strlen.c estimated size: 80

C:\Program Files\Microchip\xc8\v2.32\pic\sources\c99\common\strcmp.c
		_strcmp        		CODE           	19FA4	0000	108

C:\Program Files\Microchip\xc8\v2.32\pic\sources\c99\common\strcmp.c estimated size: 108

