Microchip MPLAB XC8 Compiler V2.32

Linker command line:

-W-3 --edf=C:\Program Files\Microchip\xc8\v2.32\pic\dat\en_msgs.txt -cn \
  -h+dist/default/production\ethxxj60-tcp-server-solution.X.production.sym \
  --cmf=dist/default/production\ethxxj60-tcp-server-solution.X.production.cmf \
  -z -Q18F67J60 -oC:\Users\nemet\AppData\Local\Temp\xcAs1acs.4 \
  --defsym=__MPLAB_BUILD=1 \
  -Mdist/default/production/ethxxj60-tcp-server-solution.X.production.map \
  -E1 -ver=XC8 Compiler --acfsm=1493 -ASTACK=08C8h-0E7Dh -pstack=STACK \
  -ACODE=00h-01FFF7h -ACONST=00h-01FFF7h \
  -ASMALLCONST=01000h-010FFhx495,01FF00h-01FFF7h \
  -AMEDIUMCONST=01000h-0FFFFh,011000h-01FFF7h -ACOMRAM=01h-05Fh \
  -AABS1=00h-0E7Fh,0F00h-0F5Fh -ABIGRAM=01h-0E7Fh,0F00h-0F5Fh \
  -ARAM=060h-0FFh,0100h-01FFhx13,0E00h-0E7Fh,0F00h-0F5Fh -ABANK0=060h-0FFh \
  -ABANK1=0100h-01FFh -ABANK2=0200h-02FFh -ABANK3=0300h-03FFh \
  -ABANK4=0400h-04FFh -ABANK5=0500h-05FFh -ABANK6=0600h-06FFh \
  -ABANK7=0700h-07FFh -ABANK8=0800h-08FFh -ABANK9=0900h-09FFh \
  -ABANK10=0A00h-0AFFh -ABANK11=0B00h-0BFFh -ABANK12=0C00h-0CFFh \
  -ABANK13=0D00h-0DFFh -ABANK14=0E00h-0E7Fh -ABANK15=0F00h-0F5Fh \
  -ASFR=0E80h-0EFFh,0F60h-0FFFh -ACONFIG=01FFF8h-01FFFDh \
  -preset_vec=00h,intcode=08h,intcodelo,powerup,init -pramtop=01000h \
  -psmallconst=SMALLCONST -pmediumconst=MEDIUMCONST -pconst=CONST \
  -AFARRAM=00h-00h -pjflash_buffer=01F800h \
  -prdata=COMRAM,nvrram=COMRAM,nvbit=COMRAM,rbss=COMRAM,rbit=COMRAM \
  -pfarbss=FARRAM,fardata=FARRAM,nvFARRAM=FARRAM \
  -pintsave_regs=BIGRAM,bigbss=BIGRAM,bigdata=BIGRAM -pbss=RAM \
  -pidata=CODE,irdata=CODE,ibigdata=CODE,ifardata=CODE -prparam=COMRAM \
  C:\Users\nemet\AppData\Local\Temp\xcAs1acs.o \
  dist/default/production\ethxxj60-tcp-server-solution.X.production.o 

Object code version is 3.11

Machine type is 18F67J60



                Name                               Link     Load   Length Selector   Space Scale
C:\Users\nemet\AppData\Local\Temp\xcAs1acs.o
                config                            1FFF8    1FFF8        6        0       4
                init                                 4C       4C        4        4       0
                reset_vec                             0        0        4        0       0
dist/default/production\ethxxj60-tcp-server-solution.X.production.o
                intcode                               8        8       44        4       0
                config                            1FFF8    1FFF8        6        0       4
                temp                                 5B       5B        1        1       1
                mediumconst                        FB00     FB00      500     7D80       0
                text165                           1ACEA    1ACEA       18     D41C       0
                text164                           1AE5C    1AE5C        2     D72A       0
                text163                           1AA1A    1AA1A       32     D41C       0
                text162                           1AB7A    1AB7A       28     D41C       0
                text161                           1A7C4    1A7C4       3A     8000       0
                text159                           1A916    1A916       36     D41C       0
                text158                           1A3AE    1A3AE       52     8000       0
                text157                           19C3C    19C3C       7C     8000       0
                text156                           1A8E0    1A8E0       36     D41C       0
                text155                           1AAD4    1AAD4       2C     D41C       0
                text154                           1AE48    1AE48        6     D41C       0
                text153                           1AE28    1AE28        A     D41C       0
                text152                           1ABEE    1ABEE       26     D41C       0
                text151                           19B3A    19B3A       84     8000       0
                text150                           1AD2E    1AD2E       16     D41C       0
                text149                           19E68    19E68       6C     8000       0
                text148                           19A2C    19A2C       88     8000       0
                text147                           18CA2    18CA2       D2     8000       0
                text146                           1AE1E    1AE1E        A     D41C       0
                text145                           17C38    17C38      136     8000       0
                text144                           19AB4    19AB4       86     8000       0
                text143                           1962C    1962C       9A     8000       0
                text142                           18BB6    18BB6       EC     8000       0
                text141                           19DFC    19DFC       6C     8000       0
                text140                           19F3E    19F3E       68     8000       0
                text139                           16450    16450      1FA     8000       0
                text138                           1AE14    1AE14        A     D41C       0
                text137                           1ABC8    1ABC8       26     D41C       0
                text136                           16A18    16A18      1C6     8000       0
                text135                           15994    15994      260     8000       0
                text134                           1A4F0    1A4F0       50     8000       0
                text133                           14F0A    14F0A      2C0     8000       0
                text132                           1AD9E    1AD9E        E     D41C       0
                text131                           1ACD0    1ACD0       1A     D41C       0
                text130                           1571C    1571C      278     8000       0
                text129                           1A00C    1A00C       66     8000       0
                text128                           1A4A0    1A4A0       50     8000       0
                text127                           15BF4    15BF4      24C     8000       0
                text126                           199A2    199A2       8A     8000       0
                text125                           1AE3A    1AE3A        8     D41C       0
                text124                           19886    19886       90     8000       0
                text123                           15484    15484      298     8000       0
                text122                           180C2    180C2      118     8000       0
                text121                           192E0    192E0       B2     8000       0
                text120                           1ACB4    1ACB4       1C     D41C       0
                text119                           19ED4    19ED4       6A     8000       0
                text118                           12430    12430      74E     8000       0
                text117                           19916    19916       8C     8000       0
                text116                           1A654    1A654       42     8000       0
                text115                           19392    19392       AE     8000       0
                text114                           1A450    1A450       50     8000       0
                text113                           184FE    184FE      106     8000       0
                text112                           1A540    1A540       48     8000       0
                text111                           1AE0A    1AE0A        A     D41C       0
                text110                           173F0    173F0      176     8000       0
                text109                           183F6    183F6      108     8000       0
                text108                           189DA    189DA       F0     8000       0
                text107                           17E90    17E90      11A     8000       0
                text106                           132BE    132BE      730     8000       0
                text105                           17566    17566      170     8000       0
                text104                           19D90    19D90       6C     8000       0
                text103                           1AC38    1AC38       24     D41C       0
                text102                           1ADB8    1ADB8        C     D41C       0
                text101                           10000    10000     1ACC     8000       0
                text100                           1A9E8    1A9E8       32     D41C       0
                text99                            16BDE    16BDE      1C2     8000       0
                text98                            140CE    140CE      530     8000       0
                text97                            1A0D6    1A0D6       64     8000       0
                text96                            18E44    18E44       CE     8000       0
                text95                            1AE32    1AE32        8     D41C       0
                text94                            19D24    19D24       6C     8000       0
                text93                            1AE00    1AE00        A     D41C       0
                text92                            1ADF6    1ADF6        A     D41C       0
                text91                            17FAA    17FAA      118     8000       0
                text90                            1AD56    1AD56       10     D41C       0
                text89                            1A254    1A254       5E     8000       0
                text88                            1AE5A    1AE5A        2     D72A       0
                text87                            1975E    1975E       98     8000       0
                text86                            1A8A8    1A8A8       38     D41C       0
                text85                            1A35C    1A35C       52     8000       0
                text84                            1624E    1624E      202     8000       0
                text83                            1727A    1727A      176     8000       0
                text82                            151CA    151CA      2BA     8000       0
                text81                            12B7E    12B7E      740     8000       0
                text80                            145FE    145FE      34E     8000       0
                text79                            19CB8    19CB8       6C     8000       0
                text78                            1ADEC    1ADEC        A     D41C       0
                text77                            1A74E    1A74E       3C     8000       0
                text76                            1664A    1664A      1F4     8000       0
                text75                            1ADE2    1ADE2        A     D41C       0
                text74                            1ADD8    1ADD8        A     D41C       0
                text73                            1ADAC    1ADAC        C     D41C       0
                text72                            1A712    1A712       3C     8000       0
                text71                            170F2    170F2      188     8000       0
                text70                            1783C    1783C      164     8000       0
                text69                            1A696    1A696       40     8000       0
                text68                            1AE58    1AE58        2     D72A       0
                text67                            18F12    18F12       CA     8000       0
                text66                            1A610    1A610       44     8000       0
                text65                            190A4    190A4       C6     8000       0
                text64                            1494C    1494C      2E4     8000       0
                text63                            16F54    16F54      19E     8000       0
                text62                            18704    18704       F6     8000       0
                text61                            188EA    188EA       F0     8000       0
                text60                            18D74    18D74       D0     8000       0
                text59                            1604A    1604A      204     8000       0
                text58                            1A6D6    1A6D6       3C     8000       0
                text57                            1A870    1A870       38     D41C       0
                text56                            1A838    1A838       38     D41C       0
                text55                            1A1F6    1A1F6       5E     8000       0
                text54                            14C30    14C30      2DA     8000       0
                text53                            11ACC    11ACC      964     8000       0
                text52                            19FA6    19FA6       66     8000       0
                text51                            1A30A    1A30A       52     8000       0
                text50                            139EE    139EE      6E0     8000       0
                text49                            1AD44    1AD44       12     D41C       0
                text48                            1AAA8    1AAA8       2C     D41C       0
                text47                            197F6    197F6       90     8000       0
                text46                            187FA    187FA       F0     8000       0
                text45                            1AD90    1AD90        E     D41C       0
                text44                            18ACA    18ACA       EC     8000       0
                text43                            1A072    1A072       64     8000       0
                text42                            17AEC    17AEC      14C     8000       0
                text41                            18604    18604      100     8000       0
                text40                            1AD18    1AD18       16     D41C       0
                text39                            1AD82    1AD82        E     D41C       0
                text38                            176D6    176D6      166     8000       0
                text37                            15E40    15E40      20A     8000       0
                text36                            179A0    179A0      14C     8000       0
                text35                            1AE54    1AE54        4     D72A       0
                text34                            1A198    1A198       5E     8000       0
                text33                            1A9B4    1A9B4       34     D41C       0
                text32                            1AD74    1AD74        E     D41C       0
                text31                            1A2B2    1A2B2       58     8000       0
                text30                            1ADCE    1ADCE        A     D41C       0
                text29                            1AB52    1AB52       28     D41C       0
                text28                            16DA0    16DA0      1B4     8000       0
                text27                            1958A    1958A       A2     8000       0
                text26                            1AE42    1AE42        6     D41C       0
                text25                            1AB2A    1AB2A       28     D41C       0
                text24                            1916A    1916A       C2     8000       0
                text23                            1AC98    1AC98       1C     D41C       0
                text22                            1AA7A    1AA7A       2E     D41C       0
                text21                            1AD66    1AD66        E     D41C       0
                text20                            1A980    1A980       34     D41C       0
                text19                            1AC14    1AC14       24     D41C       0
                text18                            1ABA2    1ABA2       26     D41C       0
                text17                            1ADC4    1ADC4        A     D41C       0
                text16                            1A78A    1A78A       3A     8000       0
                text15                            1AB00    1AB00       2A     D41C       0
                text14                            1AD02    1AD02       16     D41C       0
                text13                            194E8    194E8       A2     8000       0
                text12                            1AA4C    1AA4C       2E     D41C       0
                text11                            1922C    1922C       B4     8000       0
                text10                            19BBE    19BBE       7E     8000       0
                text9                             19440    19440       A8     8000       0
                text8                             196C6    196C6       98     8000       0
                text7                             1A94C    1A94C       34     D41C       0
                text6                             181DA    181DA      112     8000       0
                text5                             1A5CC    1A5CC       44     8000       0
                text4                             1A13A    1A13A       5E     8000       0
                text3                             17D6E    17D6E      122     8000       0
                text2                             1A588    1A588       44     8000       0
                text1                             1683E    1683E      1DA     8000       0
                text0                             1AC7C    1AC7C       1C     D41C       0
                cstackCOMRAM                          1        1       56        1       1
                cstackBANK0                          60       60       9B       60       1
                cstackBANK1                         100      100       FF      100       1
                cstackBANK2                         200      200       B7      200       1
                dataBANK8                           800      800       C8      800       1
                bssBANK7                            700      700      100      700       1
                bssBANK6                            600      600       C8      600       1
                dataBANK5                           5AC      5AC       50      500       1
                bssBANK5                            500      500       AC      500       1
                dataBANK4                           4D7      4D7       20      400       1
                bssBANK4                            400      400       D7      400       1
                dataBANK3                           3C2      3C2       39      300       1
                bssBANK3                            300      300       C2      300       1
                dataBANK2                           2F7      2F7        5      200       1
                bssBANK2                            2B7      2B7       40      200       1
                bssBANK1                            1FF      1FF        1      100       1
                bssBANK0                             FB       FB        1       60       1
                bssCOMRAM                            57       57        4        1       1
                cinit                             182EC    182EC      10A     8000       0
                nvBANK3                             3FB      3FB        5      300       1
                idataBANK8                        18FDC    18FDC       C8     8000       0
                idataBANK5                        1A400    1A400       50     8000       0
                idataBANK4                        1AC5C    1AC5C       20     D41C       0
                idataBANK3                        1A7FE    1A7FE       39     8000       0
                idataBANK2                        1AE4E    1AE4E        5     D41C       0

TOTAL           Name                               Link     Load   Length     Space
        CLASS   STACK          

        CLASS   CODE           
                intcode                               8        8       44         0
                init                                 4C       4C        4         0
                reset_vec                             0        0        4         0
                text165                           1ACEA    1ACEA       18         0
                text164                           1AE5C    1AE5C        2         0
                text163                           1AA1A    1AA1A       32         0
                text162                           1AB7A    1AB7A       28         0
                text161                           1A7C4    1A7C4       3A         0
                text159                           1A916    1A916       36         0
                text158                           1A3AE    1A3AE       52         0
                text157                           19C3C    19C3C       7C         0
                text156                           1A8E0    1A8E0       36         0
                text155                           1AAD4    1AAD4       2C         0
                text154                           1AE48    1AE48        6         0
                text153                           1AE28    1AE28        A         0
                text152                           1ABEE    1ABEE       26         0
                text151                           19B3A    19B3A       84         0
                text150                           1AD2E    1AD2E       16         0
                text149                           19E68    19E68       6C         0
                text148                           19A2C    19A2C       88         0
                text147                           18CA2    18CA2       D2         0
                text146                           1AE1E    1AE1E        A         0
                text145                           17C38    17C38      136         0
                text144                           19AB4    19AB4       86         0
                text143                           1962C    1962C       9A         0
                text142                           18BB6    18BB6       EC         0
                text141                           19DFC    19DFC       6C         0
                text140                           19F3E    19F3E       68         0
                text139                           16450    16450      1FA         0
                text138                           1AE14    1AE14        A         0
                text137                           1ABC8    1ABC8       26         0
                text136                           16A18    16A18      1C6         0
                text135                           15994    15994      260         0
                text134                           1A4F0    1A4F0       50         0
                text133                           14F0A    14F0A      2C0         0
                text132                           1AD9E    1AD9E        E         0
                text131                           1ACD0    1ACD0       1A         0
                text130                           1571C    1571C      278         0
                text129                           1A00C    1A00C       66         0
                text128                           1A4A0    1A4A0       50         0
                text127                           15BF4    15BF4      24C         0
                text126                           199A2    199A2       8A         0
                text125                           1AE3A    1AE3A        8         0
                text124                           19886    19886       90         0
                text123                           15484    15484      298         0
                text122                           180C2    180C2      118         0
                text121                           192E0    192E0       B2         0
                text120                           1ACB4    1ACB4       1C         0
                text119                           19ED4    19ED4       6A         0
                text118                           12430    12430      74E         0
                text117                           19916    19916       8C         0
                text116                           1A654    1A654       42         0
                text115                           19392    19392       AE         0
                text114                           1A450    1A450       50         0
                text113                           184FE    184FE      106         0
                text112                           1A540    1A540       48         0
                text111                           1AE0A    1AE0A        A         0
                text110                           173F0    173F0      176         0
                text109                           183F6    183F6      108         0
                text108                           189DA    189DA       F0         0
                text107                           17E90    17E90      11A         0
                text106                           132BE    132BE      730         0
                text105                           17566    17566      170         0
                text104                           19D90    19D90       6C         0
                text103                           1AC38    1AC38       24         0
                text102                           1ADB8    1ADB8        C         0
                text101                           10000    10000     1ACC         0
                text100                           1A9E8    1A9E8       32         0
                text99                            16BDE    16BDE      1C2         0
                text98                            140CE    140CE      530         0
                text97                            1A0D6    1A0D6       64         0
                text96                            18E44    18E44       CE         0
                text95                            1AE32    1AE32        8         0
                text94                            19D24    19D24       6C         0
                text93                            1AE00    1AE00        A         0
                text92                            1ADF6    1ADF6        A         0
                text91                            17FAA    17FAA      118         0
                text90                            1AD56    1AD56       10         0
                text89                            1A254    1A254       5E         0
                text88                            1AE5A    1AE5A        2         0
                text87                            1975E    1975E       98         0
                text86                            1A8A8    1A8A8       38         0
                text85                            1A35C    1A35C       52         0
                text84                            1624E    1624E      202         0
                text83                            1727A    1727A      176         0
                text82                            151CA    151CA      2BA         0
                text81                            12B7E    12B7E      740         0
                text80                            145FE    145FE      34E         0
                text79                            19CB8    19CB8       6C         0
                text78                            1ADEC    1ADEC        A         0
                text77                            1A74E    1A74E       3C         0
                text76                            1664A    1664A      1F4         0
                text75                            1ADE2    1ADE2        A         0
                text74                            1ADD8    1ADD8        A         0
                text73                            1ADAC    1ADAC        C         0
                text72                            1A712    1A712       3C         0
                text71                            170F2    170F2      188         0
                text70                            1783C    1783C      164         0
                text69                            1A696    1A696       40         0
                text68                            1AE58    1AE58        2         0
                text67                            18F12    18F12       CA         0
                text66                            1A610    1A610       44         0
                text65                            190A4    190A4       C6         0
                text64                            1494C    1494C      2E4         0
                text63                            16F54    16F54      19E         0
                text62                            18704    18704       F6         0
                text61                            188EA    188EA       F0         0
                text60                            18D74    18D74       D0         0
                text59                            1604A    1604A      204         0
                text58                            1A6D6    1A6D6       3C         0
                text57                            1A870    1A870       38         0
                text56                            1A838    1A838       38         0
                text55                            1A1F6    1A1F6       5E         0
                text54                            14C30    14C30      2DA         0
                text53                            11ACC    11ACC      964         0
                text52                            19FA6    19FA6       66         0
                text51                            1A30A    1A30A       52         0
                text50                            139EE    139EE      6E0         0
                text49                            1AD44    1AD44       12         0
                text48                            1AAA8    1AAA8       2C         0
                text47                            197F6    197F6       90         0
                text46                            187FA    187FA       F0         0
                text45                            1AD90    1AD90        E         0
                text44                            18ACA    18ACA       EC         0
                text43                            1A072    1A072       64         0
                text42                            17AEC    17AEC      14C         0
                text41                            18604    18604      100         0
                text40                            1AD18    1AD18       16         0
                text39                            1AD82    1AD82        E         0
                text38                            176D6    176D6      166         0
                text37                            15E40    15E40      20A         0
                text36                            179A0    179A0      14C         0
                text35                            1AE54    1AE54        4         0
                text34                            1A198    1A198       5E         0
                text33                            1A9B4    1A9B4       34         0
                text32                            1AD74    1AD74        E         0
                text31                            1A2B2    1A2B2       58         0
                text30                            1ADCE    1ADCE        A         0
                text29                            1AB52    1AB52       28         0
                text28                            16DA0    16DA0      1B4         0
                text27                            1958A    1958A       A2         0
                text26                            1AE42    1AE42        6         0
                text25                            1AB2A    1AB2A       28         0
                text24                            1916A    1916A       C2         0
                text23                            1AC98    1AC98       1C         0
                text22                            1AA7A    1AA7A       2E         0
                text21                            1AD66    1AD66        E         0
                text20                            1A980    1A980       34         0
                text19                            1AC14    1AC14       24         0
                text18                            1ABA2    1ABA2       26         0
                text17                            1ADC4    1ADC4        A         0
                text16                            1A78A    1A78A       3A         0
                text15                            1AB00    1AB00       2A         0
                text14                            1AD02    1AD02       16         0
                text13                            194E8    194E8       A2         0
                text12                            1AA4C    1AA4C       2E         0
                text11                            1922C    1922C       B4         0
                text10                            19BBE    19BBE       7E         0
                text9                             19440    19440       A8         0
                text8                             196C6    196C6       98         0
                text7                             1A94C    1A94C       34         0
                text6                             181DA    181DA      112         0
                text5                             1A5CC    1A5CC       44         0
                text4                             1A13A    1A13A       5E         0
                text3                             17D6E    17D6E      122         0
                text2                             1A588    1A588       44         0
                text1                             1683E    1683E      1DA         0
                text0                             1AC7C    1AC7C       1C         0
                cinit                             182EC    182EC      10A         0
                idataBANK8                        18FDC    18FDC       C8         0
                idataBANK5                        1A400    1A400       50         0
                idataBANK4                        1AC5C    1AC5C       20         0
                idataBANK3                        1A7FE    1A7FE       39         0
                idataBANK2                        1AE4E    1AE4E        5         0

        CLASS   CONST          

        CLASS   SMALLCONST     

        CLASS   MEDIUMCONST    
                mediumconst                        FB00     FB00      500         0

        CLASS   COMRAM         
                temp                                 5B       5B        1         1
                cstackCOMRAM                          1        1       56         1
                bssCOMRAM                            57       57        4         1

        CLASS   ABS1           
                abs_s1                              E7E      E7E        2         1

        CLASS   BIGRAM         

        CLASS   RAM            

        CLASS   BANK0          
                cstackBANK0                          60       60       9B         1
                bssBANK0                             FB       FB        1         1

        CLASS   BANK1          
                cstackBANK1                         100      100       FF         1
                bssBANK1                            1FF      1FF        1         1

        CLASS   BANK2          
                cstackBANK2                         200      200       B7         1
                dataBANK2                           2F7      2F7        5         1
                bssBANK2                            2B7      2B7       40         1

        CLASS   BANK3          
                dataBANK3                           3C2      3C2       39         1
                bssBANK3                            300      300       C2         1
                nvBANK3                             3FB      3FB        5         1

        CLASS   BANK4          
                dataBANK4                           4D7      4D7       20         1
                bssBANK4                            400      400       D7         1

        CLASS   BANK5          
                dataBANK5                           5AC      5AC       50         1
                bssBANK5                            500      500       AC         1

        CLASS   BANK6          
                bssBANK6                            600      600       C8         1

        CLASS   BANK7          
                bssBANK7                            700      700      100         1

        CLASS   BANK8          
                dataBANK8                           800      800       C8         1

        CLASS   BANK9          

        CLASS   BANK10         

        CLASS   BANK11         

        CLASS   BANK12         

        CLASS   BANK13         

        CLASS   BANK14         

        CLASS   BANK15         

        CLASS   SFR            

        CLASS   CONFIG         
                config                            1FFF8    1FFF8        6         4

        CLASS   FARRAM         

        CLASS   IDLOC          



SEGMENTS        Name                           Load    Length   Top    Selector   Space  Class

                reset_vec                      000000  000004  000004         0       0  CODE    
                cstackCOMRAM                   000001  00005B  00005C         1       1  COMRAM  
                intcode                        000008  000048  000050         4       0  CODE    
                cstackBANK0                    000060  00009C  0000FC        60       1  BANK0   
                cstackBANK1                    000100  000100  000200       100       1  BANK1   
                cstackBANK2                    000200  0000FC  0002FC       200       1  BANK2   
                bssBANK3                       000300  000100  000400       300       1  BANK3   
                bssBANK4                       000400  0000F7  0004F7       400       1  BANK4   
                bssBANK5                       000500  0000FC  0005FC       500       1  BANK5   
                bssBANK6                       000600  0000C8  0006C8       600       1  BANK6   
                bssBANK7                       000700  000100  000800       700       1  BANK7   
                dataBANK8                      000800  0000C8  0008C8       800       1  BANK8   
                mediumconst                    00FB00  000500  010000      7D80       0  MEDIUMCO
                text101                        010000  00A837  01A837      8000       0  CODE    
                text56                         01A838  00061B  01AE53      D41C       0  CODE    
                text35                         01AE54  00000A  01AE5E      D72A       0  CODE    


UNUSED ADDRESS RANGES

        Name                Unused          Largest block    Delta
        BANK0            000FC-000FF               4
        BANK10           00A00-00AFF             100
        BANK11           00B00-00BFF             100
        BANK12           00C00-00CFF             100
        BANK13           00D00-00DFF             100
        BANK14           00E00-00E7D              7E
        BANK15           00F00-00F5F              60
        BANK2            002FC-002FF               4
        BANK4            004F7-004FF               9
        BANK5            005FC-005FF               4
        BANK6            006C8-006FF              38
        BANK8            008C8-008FF              38
        BANK9            00900-009FF             100
        BIGRAM           0005C-0005F               4
                         000FC-000FF               4
                         002FC-002FF               4
                         004F7-004FF               9
                         005FC-005FF               4
                         006C8-006FF              38
                         008C8-00E7D             5B6
                         00F00-00F5F              60
        CODE             00004-00007               4
                         00050-0FAFF            FAB0
                         1A837-1A837               1
                         1AE53-1AE53               1
                         1AE5E-1FFF7            519A
        COMRAM           0005C-0005F               4
        CONST            00004-00007               4
                         00050-0FAFF            FAB0
                         1A837-1A837               1
                         1AE53-1AE53               1
                         1AE5E-1FFF7            519A
        MEDIUMCONST      01000-0FAFF            EB00
                         1A837-1A837               1
                         1AE53-1AE53               1
                         1AE5E-1FFF7            519A
        RAM              000FC-000FF               4
                         002FC-002FF               4
                         004F7-004FF               9
                         005FC-005FF               4
                         006C8-006FF              38
                         008C8-00E7D             100
                         00F00-00F5F              60
        SFR              00E80-00EFF              80
                         00F60-00FFF              A0
        SMALLCONST       01000-0FAFF             100
                         1A837-1A837               1
                         1AE53-1AE53               1
                         1AE5E-1FFF7             100
        STACK            008C8-00E7D             5B6

                                  Symbol Table

?_ARPV4_Lookup                              cstackCOMRAM  00005
?_ETH_ComputeChecksum                       cstackCOMRAM  00005
?_ETH_GetByteCount                          cstackCOMRAM  00005
?_ETH_GetReadPtr                            cstackCOMRAM  00005
?_ETH_GetRxByteCount                        cstackCOMRAM  00005
?_ETH_NewPacket                             cstackCOMRAM  00005
?_ETH_Read16                                cstackCOMRAM  00005
?_ETH_Read32                                cstackCOMRAM  00005
?_ETH_ReadBlock                             cstackCOMRAM  00005
?_ETH_RxComputeChecksum                     cstackCOMRAM  00017
?_ETH_TxComputeChecksum                     cstackCOMRAM  00017
?_IPV4_GetDatagramLength                    cstackCOMRAM  00005
?_IPV4_PseudoHeaderChecksum                 cstackCOMRAM  00005
?_MAC_getAddress                            cstackCOMRAM  00005
?_Network_GetStartPosition                  cstackCOMRAM  00005
?_PHY_Read                                  cstackCOMRAM  00007
?_TCP_GetReceivedData                       cstackCOMRAM  0000C
?_TCP_GetRxLength                           cstackCOMRAM  0000C
?___aodiv                                   cstackCOMRAM  00005
?___aomod                                   cstackCOMRAM  00005
?___lodiv                                   cstackCOMRAM  00005
?___lomod                                   cstackCOMRAM  00005
?___wmul                                    cstackCOMRAM  00005
?_abs                                       cstackCOMRAM  00017
?_atoi                                      cstackCOMRAM  0000C
?_dtoa                                      cstackCOMRAM  00020
?_isalpha                                   cstackCOMRAM  00005
?_isdigit                                   cstackCOMRAM  00005
?_islower                                   cstackCOMRAM  00005
?_isspace                                   cstackCOMRAM  00005
?_isupper                                   cstackCOMRAM  00005
?_memcmp                                    cstackCOMRAM  00005
?_pad                                       cstackCOMRAM  00015
?_printf                                    cstackBANK0   0008D
?_sprintf                                   cstackBANK0   0008D
?_stoa                                      cstackCOMRAM  0000E
?_strcmp                                    cstackCOMRAM  00005
?_strlen                                    cstackCOMRAM  00005
?_strncmp                                   cstackCOMRAM  00005
?_time                                      cstackCOMRAM  00005
?_toupper                                   cstackCOMRAM  0000B
?_udp_table_getIterator                     cstackCOMRAM  00005
?_udp_table_nextEntry                       cstackCOMRAM  00005
?_utoa                                      cstackCOMRAM  00020
?_vfpfcnvrt                                 cstackCOMRAM  00047
?_vfprintf                                  cstackBANK0   00087
?_xtoa                                      cstackCOMRAM  00020
ARPV4_Init@x                                cstackCOMRAM  00007
ARPV4_Lookup@entry_pointer                  cstackCOMRAM  0000D
ARPV4_Lookup@ip_address                     cstackCOMRAM  00005
ARPV4_Lookup@x                              cstackCOMRAM  0000F
ARPV4_Packet@arpPtr                         cstackBANK0   00064
ARPV4_Packet@entryPointer                   cstackBANK0   00068
ARPV4_Packet@header                         cstackBANK0   0006A
ARPV4_Packet@length                         cstackBANK0   00060
ARPV4_Packet@mergeFlag                      cstackBANK0   00062
ARPV4_Packet@ret                            cstackBANK0   00063
ARPV4_Packet@x                              cstackBANK0   00066
ARPV4_Packet@x_2165                         cstackBANK0   00067
ARPV4_Request@destAddress                   cstackCOMRAM  0001F
ARPV4_Request@header                        cstackBANK0   00061
ARPV4_Request@ret                           cstackBANK0   00060
ARPV4_Update@entryPointer                   cstackCOMRAM  00005
ARPV4_Update@x                              cstackCOMRAM  00007
DHCP_Handler@F1278                          dataBANK5     005AC
DHCP_Handler@a                              cstackBANK0   000A4
DHCP_Handler@a_1572                         cstackBANK0   000A8
DHCP_Handler@acceptACK                      cstackBANK0   000B7
DHCP_Handler@acceptNACK                     cstackBANK0   000B6
DHCP_Handler@acceptOffers                   cstackBANK0   000B5
DHCP_Handler@chaddr                         cstackBANK0   00094
DHCP_Handler@count                          cstackBANK0   000B3
DHCP_Handler@count_1571                     cstackBANK0   000B4
DHCP_Handler@declineOffers                  cstackBANK0   000B2
DHCP_Handler@length                         cstackBANK0   0008E
DHCP_Handler@localData                      cstackBANK0   000BD
DHCP_Handler@messageType                    cstackBANK0   000AD
DHCP_Handler@option                         cstackBANK0   000AC
DHCP_Handler@optionLength                   cstackBANK0   000BC
DHCP_Handler@origLeaseTime                  cstackBANK0   000B8
DHCP_Handler@siaddr                         cstackBANK0   000AE
DHCP_Manage@managementTimer                 bssBANK4      00424
DHCP_Manage@now                             cstackBANK0   0008B
DHCP_WriteZeros@length                      cstackCOMRAM  00006
DNS_Handler@answer                          cstackBANK0   000AE
DNS_Handler@dataLength                      cstackBANK0   000B0
DNS_Handler@dnsPtr                          cstackBANK0   000B2
DNS_Handler@dnsR                            cstackBANK1   00100
DNS_Handler@entryPointer                    cstackBANK0   000B7
DNS_Handler@i                               cstackBANK0   000B4
DNS_Handler@ipAddress                       cstackBANK0   000A1
DNS_Handler@length                          cstackBANK0   0008E
DNS_Handler@lock                            cstackBANK0   000B6
DNS_Handler@nameLen                         cstackBANK0   000AD
DNS_Handler@ttl                             cstackBANK0   000A5
DNS_Handler@type                            cstackBANK0   000AB
DNS_Handler@v                               cstackBANK0   000A9
DNS_Handler@x                               cstackBANK0   000B5
ETH_CheckLinkUp@value                       cstackCOMRAM  00010
ETH_ComputeChecksum@cksm                    cstackCOMRAM  00011
ETH_ComputeChecksum@len                     cstackCOMRAM  00005
ETH_ComputeChecksum@seed                    cstackCOMRAM  00007
ETH_ComputeChecksum@v                       cstackCOMRAM  00015
ETH_Copy@len                                cstackCOMRAM  0000B
ETH_Copy@timer                              cstackCOMRAM  0000D
ETH_Copy@tmp_len                            cstackCOMRAM  0000F
ETH_Dump@length                             cstackCOMRAM  00005
ETH_GetMAC@mac                              cstackCOMRAM  00005
ETH_Init@mac                                cstackCOMRAM  00014
ETH_Insert@current_tx_ptr                   cstackCOMRAM  0000D
ETH_Insert@data                             cstackCOMRAM  00005
ETH_Insert@len                              cstackCOMRAM  00007
ETH_Insert@offset                           cstackCOMRAM  00009
ETH_NewPacket@index                         cstackCOMRAM  00009
ETH_PacketListReset@index                   cstackCOMRAM  00007
ETH_PacketListReset@ptr                     cstackCOMRAM  00005
ETH_Read16@ret                              cstackCOMRAM  00007
ETH_Read32@ret                              cstackCOMRAM  00009
ETH_Read8@ret                               cstackCOMRAM  00005
ETH_ReadBlock@buffer                        cstackCOMRAM  00005
ETH_ReadBlock@len                           cstackCOMRAM  00009
ETH_ReadBlock@length                        cstackCOMRAM  00007
ETH_ReadBlock@p                             cstackCOMRAM  0000B
ETH_RemovePacket@pPacket                    cstackCOMRAM  00005
ETH_RxComputeChecksum@cksm                  cstackCOMRAM  00029
ETH_RxComputeChecksum@len                   cstackCOMRAM  00017
ETH_RxComputeChecksum@rxptr                 cstackCOMRAM  00027
ETH_RxComputeChecksum@seed                  cstackCOMRAM  00019
ETH_Send@packetEnd                          cstackCOMRAM  0000D
ETH_SetReadPtr@rdptr                        cstackCOMRAM  00007
ETH_SetRxByteCount@count                    cstackCOMRAM  00007
ETH_Shift_Tx_Packets@len                    cstackCOMRAM  00013
ETH_Shift_Tx_Packets@pElem                  cstackCOMRAM  00015
ETH_Shift_Tx_Packets@shiftOffset            cstackCOMRAM  0000F
ETH_Shift_Tx_Packets@timer                  cstackCOMRAM  00011
ETH_TxComputeChecksum@cksm                  cstackCOMRAM  00023
ETH_TxComputeChecksum@len                   cstackCOMRAM  00019
ETH_TxComputeChecksum@position              cstackCOMRAM  00017
ETH_TxComputeChecksum@rxptr                 cstackCOMRAM  00021
ETH_TxComputeChecksum@seed                  cstackCOMRAM  0001B
ETH_Write16@data                            cstackCOMRAM  00005
ETH_Write32@data                            cstackCOMRAM  00005
ETH_Write8@data                             cstackCOMRAM  00005
ETH_WriteBlock@buffer                       cstackCOMRAM  00005
ETH_WriteBlock@length                       cstackCOMRAM  00007
ETH_WriteBlock@p                            cstackCOMRAM  00009
ETH_WriteStart@dest_mac                     cstackCOMRAM  00017
ETH_WriteStart@ethPacket                    cstackCOMRAM  0001D
ETH_WriteStart@type                         cstackCOMRAM  00019
ETH_WriteString@length                      cstackCOMRAM  00007
ETH_WriteString@string                      cstackCOMRAM  00005
ICMP_EchoReply@cksm                         cstackBANK0   00089
ICMP_EchoReply@icmp_cksm_start              cstackBANK0   00087
ICMP_EchoReply@identifier                   cstackBANK0   00083
ICMP_EchoReply@ipv4Hdr                      cstackBANK0   0007D
ICMP_EchoReply@ipv4PayloadLength            cstackBANK0   0008B
ICMP_EchoReply@ret                          cstackBANK0   0008D
ICMP_EchoReply@sequence                     cstackBANK0   00085
ICMP_PortUnreachable@cksm                   cstackBANK0   00087
ICMP_PortUnreachable@destIPAddress          cstackBANK0   00081
ICMP_PortUnreachable@length                 cstackBANK0   00085
ICMP_PortUnreachable@ret                    cstackBANK0   00089
ICMP_PortUnreachable@srcIPAddress           cstackBANK0   0007D
ICMP_Receive@icmpHdr                        cstackBANK0   00094
ICMP_Receive@ipv4Hdr                        cstackBANK0   0008E
IPV4_Packet@cksm                            cstackBANK2   0024B
IPV4_Packet@hdrLen                          cstackBANK2   00248
IPV4_Packet@length                          cstackBANK2   00249
IPV4_Packet@msg                             cstackBANK2   00220
IPV4_PseudoHeaderChecksum@cksm              cstackCOMRAM  00012
IPV4_PseudoHeaderChecksum@len               cstackCOMRAM  00011
IPV4_PseudoHeaderChecksum@payloadLen        cstackCOMRAM  00005
IPV4_PseudoHeaderChecksum@tmp               cstackCOMRAM  00016
IPV4_PseudoHeaderChecksum@v                 cstackCOMRAM  0000F
IPV4_Send@cksm                              cstackCOMRAM  0002C
IPV4_Send@payloadLength                     cstackCOMRAM  00025
IPV4_Send@ret                               cstackCOMRAM  0002B
IPV4_Send@totalLength                       cstackCOMRAM  0002E
IPv4_Start@destAddress                      cstackCOMRAM  00043
IPv4_Start@destMacAddress                   cstackCOMRAM  00054
IPv4_Start@protocol                         cstackCOMRAM  00047
IPv4_Start@ret                              cstackCOMRAM  00056
IPv4_Start@targetAddress                    cstackCOMRAM  00050
LLDP_SetDestAddress@F1317                   dataBANK4     004E4
LOG_Init@t                                  cstackCOMRAM  00051
LOG_Init@x                                  cstackCOMRAM  00055
NTP_Handler@timeIntegralPart                cstackBANK0   00090
Network_Manage@now                          cstackBANK2   002AF
Network_Manage@nowPv                        bssBANK4      0042C
Network_Read@debug_str                      cstackBANK2   0024D
Network_Read@header                         cstackBANK2   002A1
Network_Read@t                              cstackBANK2   0029D
PHY_Read@reg                                cstackCOMRAM  0000B
PHY_Read@ret                                cstackCOMRAM  0000C
PHY_WaitForBusy@ret                         cstackCOMRAM  00005
PHY_WaitForBusy@timeout                     cstackCOMRAM  00006
PHY_Write@GIESave                           cstackCOMRAM  0000A
PHY_Write@data                              cstackCOMRAM  00007
PHY_Write@reg                               cstackCOMRAM  00009
Process_TFTP_Data@address                   cstackCOMRAM  00005
Process_TFTP_Data@data                      cstackCOMRAM  00009
Process_TFTP_Data@length                    cstackCOMRAM  0000B
TCB_Check@count                             cstackCOMRAM  00009
TCB_Check@ptr                               cstackCOMRAM  00005
TCB_Check@ret                               cstackCOMRAM  00008
TCB_Check@tcbPtr                            cstackCOMRAM  0000A
TCB_Insert@ptr                              cstackCOMRAM  00005
TCB_Reset@tcbPtr                            cstackCOMRAM  00005
TCP_Bind@port                               cstackCOMRAM  0000E
TCP_Bind@tcbPtr                             cstackCOMRAM  0000C
TCP_Demo_EchoServer@port7TCB                bssBANK5      00517
TCP_Demo_EchoServer@rxLen                   cstackBANK0   000EB
TCP_Demo_EchoServer@rxdataPort7             bssBANK5      00589
TCP_Demo_EchoServer@socket_state            cstackBANK0   000EA
TCP_Demo_EchoServer@txdataPort7             bssBANK4      0049D
TCP_FiniteStateMachine@event                cstackBANK0   000E2
TCP_FiniteStateMachine@nextState            cstackBANK0   000E3
TCP_FiniteStateMachine@notAckBytes          cstackBANK0   000E0
TCP_FiniteStateMachine@ret                  cstackBANK0   000DF
TCP_GetReceivedData@ret                     cstackCOMRAM  00012
TCP_GetReceivedData@tcbPtr                  cstackCOMRAM  0000C
TCP_GetRxLength@ret                         cstackCOMRAM  00012
TCP_GetRxLength@tcbPtr                      cstackCOMRAM  0000C
TCP_InsertRxBuffer@data                     cstackCOMRAM  0000E
TCP_InsertRxBuffer@data_len                 cstackCOMRAM  00010
TCP_InsertRxBuffer@tcbPtr                   cstackCOMRAM  0000C
TCP_Listen@tcbPtr                           cstackBANK0   000E4
TCP_ParseTCPOptions@opt                     cstackCOMRAM  0000C
TCP_ParseTCPOptions@ret                     cstackCOMRAM  0000B
TCP_ParseTCPOptions@tcpOptionsSize          cstackCOMRAM  0000D
TCP_PayloadSave@buffer_size                 cstackBANK0   000C8
TCP_PayloadSave@len                         cstackBANK0   000BE
TCP_Recv@count                              cstackBANK0   000EA
TCP_Recv@length                             cstackBANK0   000E8
TCP_Recv@remoteAddress                      cstackBANK0   000E4
TCP_Recv@tcbPtr                             cstackBANK0   000EB
TCP_Send@data                               cstackBANK0   000C0
TCP_Send@dataLen                            cstackBANK0   000C2
TCP_Send@tcbPtr                             cstackBANK0   000BE
TCP_SendDone@ret                            cstackCOMRAM  0000E
TCP_SendDone@tcbPtr                         cstackCOMRAM  0000C
TCP_Snd@cksm                                cstackBANK0   000A5
TCP_Snd@data                                cstackBANK0   000A3
TCP_Snd@payloadLength                       cstackBANK0   000A7
TCP_Snd@ret                                 cstackBANK0   000A9
TCP_Snd@tcbPtr                              cstackBANK0   0007D
TCP_Snd@txHeader                            cstackBANK0   000AA
TCP_SocketInit@tcbPtr                       cstackCOMRAM  0000C
TCP_SocketPoll@socket_ptr                   cstackCOMRAM  0000C
TCP_SocketPoll@tmpSocketState               cstackCOMRAM  0000E
TCP_Update@count                            cstackBANK0   000E8
TCP_Update@retries                          cstackBANK0   000EA
TCP_Update@tcbPtr                           cstackBANK0   000EC
TFTP_Ack@dest_port                          cstackBANK0   0008A
TFTP_Ack@opcode                             cstackBANK0   0008D
TFTP_Ack@started                            cstackBANK0   0008C
TFTP_Ack@tftp_server_address                cstackBANK0   00086
TFTP_Handler@block_size                     cstackBANK1   001C8
TFTP_Handler@data                           cstackBANK1   00164
TFTP_Handler@length                         cstackBANK0   0008E
TFTP_Handler@opcode                         cstackBANK1   001CA
TFTP_Handler@recv_buffer                    cstackBANK1   00100
TFTP_Handler@v                              cstackBANK1   001CB
TMR1_ISR@CountCallBack                      bssBANK3      00367
TMR1_SetInterruptHandler@InterruptHandler   cstackCOMRAM  00005
TMR1_WriteTimer@timerVal                    cstackCOMRAM  00001
UDP_Receive@hptr                            cstackBANK0   000F4
UDP_Receive@ret                             cstackBANK0   000F3
UDP_Receive@udpcksm                         cstackBANK0   000ED
UDP_Send@cksm                               cstackCOMRAM  00034
UDP_Send@udpLength                          cstackCOMRAM  00036
UDP_Start@destIP                            cstackBANK0   0007D
UDP_Start@dstPort                           cstackBANK0   00083
UDP_Start@ret                               cstackBANK0   00085
UDP_Start@srcPort                           cstackBANK0   00081
_ADCON1bits                                 (abs)         00FC1
_ARPV4_Init                                 text33        1A9B4
_ARPV4_Lookup                               text141       19DFC
_ARPV4_Packet                               text118       12430
_ARPV4_Request                              text133       14F0A
_ARPV4_Update                               text159       1A916
_AssetID                                    mediumconst   0FD0D
_DHCP_Handler                               text81        12B7E
_DHCP_Manage                                text123       15484
_DHCP_WriteZeros                            text152       1ABEE
_DHCP_init                                  text32        1AD74
_DNS_Handler                                text80        145FE
_ECON1                                      (abs)         00FD2
_ECON1bits                                  (abs)         00FD2
_ECON2                                      (abs)         00EFE
_EDMADST                                    (abs)         00EF4
_EDMAND                                     (abs)         00EF2
_EDMAST                                     (abs)         00EF0
_EIE                                        (abs)         00EFB
_EIEbits                                    (abs)         00EFB
_EIRbits                                    (abs)         00F60
_ERDPT                                      (abs)         00F7A
_ERXFCON                                    (abs)         00ED8
_ERXND                                      (abs)         00EEA
_ERXRDPT                                    (abs)         00EEC
_ERXST                                      (abs)         00EE8
_ESTATbits                                  (abs)         00EFD
_ETH_CheckLinkUp                            text156       1A8E0
_ETH_ComputeChecksum                        text145       17C38
_ETH_Copy                                   text113       184FE
_ETH_Dump                                   text114       1A450
_ETH_EdataRead                              text146       1AE1E
_ETH_EdataWrite                             text154       1AE48
_ETH_EventHandler                           text121       192E0
_ETH_Flush                                  text117       19916
_ETH_GetByteCount                           text150       1AD2E
_ETH_GetMAC                                 text34        1A198
_ETH_GetReadPtr                             text75        1ADE2
_ETH_GetRxByteCount                         text74        1ADD8
_ETH_Init                                   text28        16DA0
_ETH_Insert                                 text149       19E68
_ETH_NewPacket                              text139       16450
_ETH_NextPacketUpdate                       text116       1A654
_ETH_PacketListReset                        text31        1A2B2
_ETH_Read16                                 text112       1A540
_ETH_Read32                                 text97        1A0D6
_ETH_Read8                                  text100       1A9E8
_ETH_ReadBlock                              text119       19ED4
_ETH_RemovePacket                           text122       180C2
_ETH_ResetByteCount                         text138       1AE14
_ETH_RxComputeChecksum                      text115       19392
_ETH_SaveRDPT                               text111       1AE0A
_ETH_Send                                   text147       18CA2
_ETH_SendQueued                             text148       19A2C
_ETH_SetReadPtr                             text93        1AE00
_ETH_SetRxByteCount                         text73        1ADAC
_ETH_Shift_Tx_Packets                       text136       16A18
_ETH_TxComputeChecksum                      text144       19AB4
_ETH_Write16                                text132       1AD9E
_ETH_Write32                                text131       1ACD0
_ETH_Write8                                 text153       1AE28
_ETH_WriteBlock                             text140       19F3E
_ETH_WriteStart                             text135       15994
_ETH_WriteString                            text151       19B3A
_ETXND                                      (abs)         00EE6
_ETXST                                      (abs)         00EE4
_EWRPT                                      (abs)         00EE2
_FirmwareRevision                           mediumconst   0FCFD
_GIE                                        (abs)         07F97
_HardwareRevision                           mediumconst   0FD05
_ICMP_EchoReply                             text110       173F0
_ICMP_PortUnreachable                       text91        17FAA
_ICMP_Receive                               text109       183F6
_INTCON                                     (abs)         00FF2
_INTCONbits                                 (abs)         00FF2
_INTERRUPT_Initialize                       text35        1AE54
_INTERRUPT_InterruptManager                 intcode       00008
_IPV4_GetDatagramLength                     text90        1AD56
_IPV4_Init                                  text26        1AE42
_IPV4_Packet                                text50        139EE
_IPV4_PseudoHeaderChecksum                  text108       189DA
_IPV4_Send                                  text143       1962C
_IPv4_Start                                 text130       1571C
_LATA                                       (abs)         00F89
_LATB                                       (abs)         00F8A
_LATC                                       (abs)         00F8B
_LATD                                       (abs)         00F8C
_LATE                                       (abs)         00F8D
_LATF                                       (abs)         00F8E
_LATFbits                                   (abs)         00F8E
_LATG                                       (abs)         00F8F
_LLDP_DecTTR                                text120       1ACB4
_LLDP_Packet                                text40        1AD18
_LLDP_createCiscoClass                      (abs)         00000
_LLDP_createCiscoMDI                        (abs)         00000
_LLDP_createCiscoOUI                        (abs)         00000
_LLDP_createCiscoProtocol                   (abs)         00000
_LLDP_createCisco_MUD_Ext                   (abs)         00000
_LLDP_createIeeeConfig                      (abs)         00000
_LLDP_createIeeeMDI                         (abs)         00000
_LLDP_createTiaMED_cap                      (abs)         00000
_LLDP_createTia_Asset_ID                    (abs)         00000
_LLDP_createTia_FW_Rev                      (abs)         00000
_LLDP_createTia_HW_Rev                      (abs)         00000
_LLDP_createTia_Manufacturer_Name           (abs)         00000
_LLDP_createTia_Model_Name                  (abs)         00000
_LLDP_createTia_Net_pol                     (abs)         00000
_LLDP_createTia_PWR_MDI                     (abs)         00000
_LLDP_createTia_SW_Rev                      (abs)         00000
_LLDP_createTia_Srl_Num                     (abs)         00000
_LOG_Init                                   text24        1916A
_MAADR1                                     (abs)         00E84
_MAADR2                                     (abs)         00E85
_MAADR3                                     (abs)         00E82
_MAADR4                                     (abs)         00E83
_MAADR5                                     (abs)         00E80
_MAADR6                                     (abs)         00E81
_MABBIPG                                    (abs)         00EA4
_MACON1                                     (abs)         00EA0
_MACON3                                     (abs)         00EA2
_MACON4                                     (abs)         00EA3
_MAC_getAddress                             text30        1ADCE
_MAIPG                                      (abs)         00EA6
_MAMXFL                                     (abs)         00EAA
_MICMD                                      (abs)         00EB2
_MICMDbits                                  (abs)         00EB2
_MIRD                                       (abs)         00EB8
_MIREGADR                                   (abs)         00EB4
_MISTATbits                                 (abs)         00E8A
_MIWR                                       (abs)         00EB6
_MUDExt                                     mediumconst   0FCA2
_Manufacturer                               mediumconst   0FCDB
_ModelName                                  mediumconst   0FCC3
_NTP_Handler                                text79        19CB8
_Network_GetStartPosition                   text92        1ADF6
_Network_Init                               text18        1ABA2
_Network_Manage                             text36        179A0
_Network_Read                               text38        176D6
_Network_SaveStartPosition                  text39        1AD82
_Network_WaitForLink                        text23        1AC98
_OSCCON                                     (abs)         00FD3
_OSCILLATOR_Initialize                      text17        1ADC4
_OSCTUNE                                    (abs)         00F9B
_PHY_Read                                   text157       19C3C
_PHY_WaitForBusy                            text158       1A3AE
_PHY_Write                                  text29        1AB52
_PIE1bits                                   (abs)         00F9D
_PIN_MANAGER_Initialize                     text16        1A78A
_PIR1bits                                   (abs)         00F9E
_PIR2bits                                   (abs)         00FA1
_PortDescription                            mediumconst   0FCD0
_PortInterfaceName                          dataBANK4     004EA
_Process_TFTP_Data                          text88        1AE5A
_RCONbits                                   (abs)         00FD0
_RXRST                                      (abs)         07E96
_SYSTEM_Initialize                          text14        1AD02
_SerialNumber                               mediumconst   0FCED
_SoftwareRevision                           mediumconst   0FCF5
_T1CON                                      (abs)         00FCD
_T1CONbits                                  (abs)         00FCD
_TCB_Check                                  text13        194E8
_TCB_Insert                                 text4         1A13A
_TCB_Reset                                  text107       17E90
_TCP_Bind                                   text12        1AA4C
_TCP_Demo_EchoServer                        text1         1683E
_TCP_FiniteStateMachine                     text101       10000
_TCP_FiniteStateMachine$3104                cstackBANK0   000D2
_TCP_FiniteStateMachine$3105                cstackBANK0   000D3
_TCP_FiniteStateMachine$3106                cstackBANK0   000D4
_TCP_FiniteStateMachine$3107                cstackBANK0   000D5
_TCP_FiniteStateMachine$3108                cstackBANK0   000D6
_TCP_FiniteStateMachine$3109                cstackBANK0   000D7
_TCP_FiniteStateMachine$3111                cstackBANK0   000D8
_TCP_FiniteStateMachine$3112                cstackBANK0   000D9
_TCP_FiniteStateMachine$3113                cstackBANK0   000DA
_TCP_FiniteStateMachine$3114                cstackBANK0   000DB
_TCP_FiniteStateMachine$3115                cstackBANK0   000DC
_TCP_FiniteStateMachine$3116                cstackBANK0   000DD
_TCP_FiniteStateMachine$3117                cstackBANK0   000DE
_TCP_GetReceivedData                        text11        1922C
_TCP_GetRxLength                            text10        19BBE
_TCP_Init                                   text22        1AA7A
_TCP_InsertRxBuffer                         text9         19440
_TCP_Listen                                 text8         196C6
_TCP_ParseTCPOptions                        text99        16BDE
_TCP_PayloadSave                            text105       17566
_TCP_Recv                                   text98        140CE
_TCP_Send                                   text6         181DA
_TCP_SendDone                               text5         1A5CC
_TCP_Snd                                    text106       132BE
_TCP_SocketInit                             text3         17D6E
_TCP_SocketPoll                             text7         1A94C
_TCP_TimoutRetransmit                       text104       19D90
_TCP_Update                                 text37        15E40
_TFTP_Ack                                   text87        1975E
_TFTP_Handler                               text82        151CA
_TFTP_callBackTable                         mediumconst   0FB01
_TMR1                                       (abs)         00FCE
_TMR1H                                      (abs)         00FCF
_TMR1L                                      (abs)         00FCE
_TMR1_CallBack                              text163       1AA1A
_TMR1_DefaultInterruptHandler               text164       1AE5C
_TMR1_ISR                                   text161       1A7C4
_TMR1_Initialize                            text15        1AB00
_TMR1_InterruptHandler                      nvBANK3       003FB
_TMR1_SetInterruptHandler                   text21        1AD66
_TMR1_WriteTimer                            text162       1AB7A
_TRISA                                      (abs)         00F92
_TRISB                                      (abs)         00F93
_TRISC                                      (abs)         00F94
_TRISD                                      (abs)         00F95
_TRISE                                      (abs)         00F96
_TRISF                                      (abs)         00F97
_TRISFbits                                  (abs)         00F97
_TRISG                                      (abs)         00F98
_UDP_CallBackTable                          mediumconst   0FC8E
_UDP_Receive                                text76        1664A
_UDP_Send                                   text142       18BB6
_UDP_Start                                  text129       1A00C
__HRAM                                      (abs)         00000
__Habs1                                     abs1          00000
__Hbank0                                    bank0         00000
__Hbank1                                    bank1         00000
__Hbank10                                   bank10        00000
__Hbank11                                   bank11        00000
__Hbank12                                   bank12        00000
__Hbank13                                   bank13        00000
__Hbank14                                   bank14        00000
__Hbank15                                   bank15        00000
__Hbank2                                    bank2         00000
__Hbank3                                    bank3         00000
__Hbank4                                    bank4         00000
__Hbank5                                    bank5         00000
__Hbank6                                    bank6         00000
__Hbank7                                    bank7         00000
__Hbank8                                    bank8         00000
__Hbank9                                    bank9         00000
__Hbigbss                                   bigbss        00000
__Hbigdata                                  bigdata       00000
__Hbigram                                   bigram        00000
__Hbss                                      bss           00000
__HbssBANK0                                 bssBANK0      00000
__HbssBANK1                                 bssBANK1      00000
__HbssBANK2                                 bssBANK2      00000
__HbssBANK3                                 bssBANK3      00000
__HbssBANK4                                 bssBANK4      00000
__HbssBANK5                                 bssBANK5      00000
__HbssBANK6                                 bssBANK6      00000
__HbssBANK7                                 bssBANK7      00000
__HbssCOMRAM                                bssCOMRAM     00000
__Hcinit                                    cinit         00000
__Hclrtext                                  clrtext       00000
__Hcomram                                   comram        00000
__Hconfig                                   config        1FFFE
__Hconst                                    const         00000
__HcstackBANK0                              cstackBANK0   00000
__HcstackBANK1                              cstackBANK1   00000
__HcstackBANK2                              cstackBANK2   00000
__HcstackCOMRAM                             cstackCOMRAM  00000
__Hdata                                     data          00000
__HdataBANK2                                dataBANK2     00000
__HdataBANK3                                dataBANK3     00000
__HdataBANK4                                dataBANK4     00000
__HdataBANK5                                dataBANK5     00000
__HdataBANK8                                dataBANK8     00000
__Hfarbss                                   farbss        00000
__Hfardata                                  fardata       00000
__Hibigdata                                 ibigdata      00000
__Hidata                                    idata         00000
__HidataBANK2                               idataBANK2    00000
__HidataBANK3                               idataBANK3    00000
__HidataBANK4                               idataBANK4    00000
__HidataBANK5                               idataBANK5    00000
__HidataBANK8                               idataBANK8    00000
__Hidloc                                    idloc         00000
__Hifardata                                 ifardata      00000
__Hinit                                     init          00050
__Hintcode                                  intcode       0004C
__Hintcode_body                             intcode_body  00000
__Hintcodelo                                intcodelo     0004C
__Hintentry                                 intentry      00000
__Hintret                                   intret        00000
__Hintsave_regs                             intsave_regs  00000
__Hirdata                                   irdata        00000
__Hjflash_buffer                            jflash_buffer 1F800
__Hmediumconst                              mediumconst   10000
__HnvBANK3                                  nvBANK3       00000
__HnvFARRAM                                 nvFARRAM      00000
__Hnvbit                                    nvbit         00000
__Hnvrram                                   nvrram        00000
__Hparam                                    rparam        00000
__Hpowerup                                  powerup       0004C
__Hram                                      ram           00000
__Hramtop                                   ramtop        01000
__Hrbit                                     rbit          00000
__Hrbss                                     rbss          00000
__Hrdata                                    rdata         00000
__Hreset_vec                                reset_vec     00004
__Hrparam                                   rparam        00000
__Hsfr                                      sfr           00000
__Hsmallconst                               smallconst    00000
__Hspace_0                                  (abs)         1F800
__Hspace_1                                  (abs)         008C8
__Hspace_2                                  (abs)         00000
__Hspace_4                                  (abs)         3FFF6
__Hstack                                    stack         00000
__Hstruct                                   struct        00000
__Htemp                                     temp          0005C
__Htext                                     text          00000
__Htext0                                    text0         00000
__Htext1                                    text1         00000
__Htext10                                   text10        00000
__Htext100                                  text100       00000
__Htext101                                  text101       00000
__Htext102                                  text102       00000
__Htext103                                  text103       00000
__Htext104                                  text104       00000
__Htext105                                  text105       00000
[...]
stoa@w                                      cstackCOMRAM  0001C
strcmp@l                                    cstackCOMRAM  00005
strcmp@r                                    cstackCOMRAM  00007
strcpy@d                                    cstackCOMRAM  0000B
strcpy@dest                                 cstackCOMRAM  00005
strcpy@s                                    cstackCOMRAM  00009
strcpy@src                                  cstackCOMRAM  00007
strlen@a                                    cstackCOMRAM  00007
strlen@s                                    cstackCOMRAM  00005
strncmp@_l                                  cstackCOMRAM  00005
strncmp@_r                                  cstackCOMRAM  00007
strncmp@l                                   cstackCOMRAM  0000C
strncmp@n                                   cstackCOMRAM  00009
strncmp@r                                   cstackCOMRAM  0000E
strtok@p                                    bssBANK3      0034F
swapEvenBytes@buff                          cstackCOMRAM  0000C
swapEvenBytes@len                           cstackCOMRAM  00007
swapEvenBytes@ptr                           cstackCOMRAM  00005
swapEvenBytes@spare                         cstackCOMRAM  0000A
swapEvenBytes@times                         cstackCOMRAM  0000B
swapEvenBytes@x                             cstackCOMRAM  0000E
time@gie_val                                cstackCOMRAM  0000D
time@t                                      cstackCOMRAM  00005
time@the_time                               cstackCOMRAM  0000E
toupper@c                                   cstackCOMRAM  0000B
ttemp5                                      temp          0005C
ttemp6                                      temp          0005F
ttemp7                                      temp          00063
txStateMachine@txState                      bssBANK2      002DE
udp_table_nextEntry@i                       cstackCOMRAM  00005
utoa@d                                      cstackCOMRAM  00022
utoa@fp                                     cstackCOMRAM  00020
utoa@i                                      cstackCOMRAM  0003E
utoa@n                                      cstackCOMRAM  00036
utoa@p                                      cstackCOMRAM  00032
utoa@w                                      cstackCOMRAM  00034
vfpfcnvrt@ap                                cstackCOMRAM  0004B
vfpfcnvrt@c                                 cstackBANK0   0007E
vfpfcnvrt@cp                                cstackBANK0   0006E
vfpfcnvrt@done                              cstackBANK0   00070
vfpfcnvrt@fmt                               cstackCOMRAM  00049
vfpfcnvrt@fp                                cstackCOMRAM  00047
vfpfcnvrt@ll                                cstackBANK0   00076
vfpfcnvrt@llu                               cstackBANK0   0007F
vfprintf@ap                                 cstackBANK0   0008B
vfprintf@cfmt                               cstackCOMRAM  0004D
vfprintf@fmt                                cstackBANK0   00089
vfprintf@fp                                 cstackBANK0   00087
wtemp8                                      temp          0005C
xtoa@c                                      cstackCOMRAM  00045
xtoa@d                                      cstackCOMRAM  00022
xtoa@fp                                     cstackCOMRAM  00020
xtoa@i                                      cstackCOMRAM  00043
xtoa@n                                      cstackCOMRAM  0003B
xtoa@p                                      cstackCOMRAM  00037
xtoa@w                                      cstackCOMRAM  00039
xtoa@x                                      cstackCOMRAM  0002A


MODULE INFORMATION

Module		Function		Class		Link	Load	Size
mcc_generated_files/TCPIPLibrary/ETHxxJ6x_driver.c
		_ETH_EdataRead 		CODE           	1AE1E	0000	10
		_ETH_NewPacket 		CODE           	16450	0000	506
		_PHY_Read      		CODE           	19C3C	0000	124
		_ETH_ComputeChecksum		CODE           	17C38	0000	310
		_ETH_EdataWrite		CODE           	1AE48	0000	6
		_ETH_CheckLinkUp		CODE           	1A8E0	0000	54
		_ETH_Write8    		CODE           	1AE28	0000	10
		_ETH_Write32   		CODE           	1ACD0	0000	26
		_ETH_Write16   		CODE           	1AD9E	0000	14
		_ETH_Shift_Tx_Packets		CODE           	16A18	0000	454
		_ETH_Insert    		CODE           	19E68	0000	108
		_ETH_Read8     		CODE           	1A9E8	0000	50
		_ETH_Read32    		CODE           	1A0D6	0000	100
		_ETH_Read16    		CODE           	1A540	0000	72
		_ETH_GetRxByteCount		CODE           	1ADD8	0000	10
		_ETH_Init      		CODE           	16DA0	0000	436
		_ETH_RxComputeChecksum		CODE           	19392	0000	174
		_ETH_SetRxByteCount		CODE           	1ADAC	0000	12
		_ETH_NextPacketUpdate		CODE           	1A654	0000	66
		_ETH_Flush     		CODE           	19916	0000	140
		_ETH_PacketListReset		CODE           	1A2B2	0000	88
		_ETH_WriteBlock		CODE           	19F3E	0000	104
		_ETH_Send      		CODE           	18CA2	0000	210
		_ETH_WriteStart		CODE           	15994	0000	608
		_ETH_ReadBlock 		CODE           	19ED4	0000	106
		_ETH_Copy      		CODE           	184FE	0000	262
		_ETH_GetMAC    		CODE           	1A198	0000	94
		_PHY_WaitForBusy		CODE           	1A3AE	0000	82
		_ETH_ResetByteCount		CODE           	1AE14	0000	10
		_ETH_SaveRDPT  		CODE           	1AE0A	0000	10
		_ETH_Dump      		CODE           	1A450	0000	80
		_ETH_GetByteCount		CODE           	1AD2E	0000	22
		_ETH_SendQueued		CODE           	19A2C	0000	136
		_ETH_WriteString		CODE           	19B3A	0000	132
		_ETH_TxComputeChecksum		CODE           	19AB4	0000	134
		_ETH_RemovePacket		CODE           	180C2	0000	280
		_PHY_Write     		CODE           	1AB52	0000	40
		_MAC_getAddress		CODE           	1ADCE	0000	10
		_ETH_GetReadPtr		CODE           	1ADE2	0000	10
		_ETH_EventHandler		CODE           	192E0	0000	178
		_ETH_SetReadPtr		CODE           	1AE00	0000	10

mcc_generated_files/TCPIPLibrary/ETHxxJ6x_driver.c estimated size: 5288

C:\Program Files\Microchip\xc8\v2.32\pic\sources\c99\common\memset.c
		_memset        		CODE           	1727A	0000	374

C:\Program Files\Microchip\xc8\v2.32\pic\sources\c99\common\memset.c estimated size: 374

mcc_generated_files/TCPIPLibrary/dns_client.c
		_DNS_Handler   		CODE           	145FE	0000	846

mcc_generated_files/TCPIPLibrary/dns_client.c estimated size: 846

C:\Program Files\Microchip\xc8\v2.32\pic\sources\c99\common\nf_sprintf.c
		_sprintf       		CODE           	1A30A	0000	82

C:\Program Files\Microchip\xc8\v2.32\pic\sources\c99\common\nf_sprintf.c estimated size: 82

C:\Program Files\Microchip\xc8\v2.32\pic\sources\c99\common\isdigit.c
		_isdigit       		CODE           	1A8A8	0000	56

C:\Program Files\Microchip\xc8\v2.32\pic\sources\c99\common\isdigit.c estimated size: 56

mcc_generated_files/TCPIPLibrary/tcpv4.c
		_TCP_InsertRxBuffer		CODE           	19440	0000	168
		_TCP_FiniteStateMachine		CODE           	10000	0000	6860
		_TCP_Bind      		CODE           	1AA4C	0000	46
		_TCB_Check     		CODE           	194E8	0000	162
		_TCP_ParseTCPOptions		CODE           	16BDE	0000	450
		_TCP_Listen    		CODE           	196C6	0000	152
		_TCP_GetRxLength		CODE           	19BBE	0000	126
		_TCB_Reset     		CODE           	17E90	0000	282
		_TCP_GetReceivedData		CODE           	1922C	0000	180
		_TCP_Init      		CODE           	1AA7A	0000	46
		_TCP_Send      		CODE           	181DA	0000	274
		_TCP_SendDone  		CODE           	1A5CC	0000	68
		_TCP_TimoutRetransmit		CODE           	19D90	0000	108
		_TCP_SocketPoll		CODE           	1A94C	0000	52
		_TCP_SocketInit		CODE           	17D6E	0000	290
		_TCP_Snd       		CODE           	132BE	0000	1840
		_TCB_Insert    		CODE           	1A13A	0000	94
		_TCP_PayloadSave		CODE           	17566	0000	368
		_TCP_Recv      		CODE           	140CE	0000	1328
		_TCP_Update    		CODE           	15E40	0000	522

mcc_generated_files/TCPIPLibrary/tcpv4.c estimated size: 13416

C:\Program Files\Microchip\xc8\v2.32\pic\sources\c99\common\doprnt.c
		_vfpfcnvrt     		CODE           	11ACC	0000	2404
		_pad           		CODE           	190A4	0000	198
		_dtoa          		CODE           	1494C	0000	740
		_vfprintf      		CODE           	19FA6	0000	102
		_stoa          		CODE           	16F54	0000	414
		_utoa          		CODE           	1604A	0000	516
		_xtoa          		CODE           	14C30	0000	730

C:\Program Files\Microchip\xc8\v2.32\pic\sources\c99\common\doprnt.c estimated size: 5104

mcc_generated_files/TCPIPLibrary/udpv4.c
		_UDP_Receive   		CODE           	1664A	0000	500
		_UDP_Send      		CODE           	18BB6	0000	236
		_UDP_Start     		CODE           	1A00C	0000	102

mcc_generated_files/TCPIPLibrary/udpv4.c estimated size: 838

mcc_generated_files/TCPIPLibrary/udpv4_port_handler_table.c
		_udp_table_nextEntry		CODE           	1A74E	0000	60
		_udp_table_getIterator		CODE           	1ADEC	0000	10

mcc_generated_files/TCPIPLibrary/udpv4_port_handler_table.c estimated size: 70

mcc_generated_files/interrupt_manager.c
		_INTERRUPT_Initialize		CODE           	1AE54	0000	4
		_INTERRUPT_InterruptManager		CODE           	0008	0000	68

mcc_generated_files/interrupt_manager.c estimated size: 72

C:\Program Files\Microchip\xc8\v2.32\pic\sources\c99\common\lomod.c
		___lomod       		CODE           	18D74	0000	208

C:\Program Files\Microchip\xc8\v2.32\pic\sources\c99\common\lomod.c estimated size: 208

mcc_generated_files/pin_manager.c
		_PIN_MANAGER_Initialize		CODE           	1A78A	0000	58

mcc_generated_files/pin_manager.c estimated size: 58

mcc_generated_files/TCPIPLibrary/ip_database.c
		_ipdb_init     		CODE           	1958A	0000	162

mcc_generated_files/TCPIPLibrary/ip_database.c estimated size: 162

mcc_generated_files/TCPIPLibrary/ntp.c
		_NTP_Handler   		CODE           	19CB8	0000	108

mcc_generated_files/TCPIPLibrary/ntp.c estimated size: 108

mcc_generated_files/TCPIPLibrary/icmp.c
		_ICMP_PortUnreachable		CODE           	17FAA	0000	280
		_resetPortUnreachable		CODE           	1ADB8	0000	12
		_ICMP_Receive  		CODE           	183F6	0000	264
		_isPortUnreachable		CODE           	1AC38	0000	36
		_ICMP_EchoReply		CODE           	173F0	0000	374

mcc_generated_files/TCPIPLibrary/icmp.c estimated size: 966

mcc_generated_files/TCPIPLibrary/log.c
		_LOG_Init      		CODE           	1916A	0000	194

mcc_generated_files/TCPIPLibrary/log.c estimated size: 194

C:\Program Files\Microchip\xc8\v2.32\pic\sources\c99\common\memcmp.c
		_memcmp        		CODE           	18E44	0000	206

C:\Program Files\Microchip\xc8\v2.32\pic\sources\c99\common\memcmp.c estimated size: 206

C:\Program Files\Microchip\xc8\v2.32\pic\sources\c99\common\memcpy.c
		_memcpy        		CODE           	1A4F0	0000	80

C:\Program Files\Microchip\xc8\v2.32\pic\sources\c99\common\memcpy.c estimated size: 80

C:\Program Files\Microchip\xc8\v2.32\pic\sources\c99\common\atoi.c
		_atoi          		CODE           	1624E	0000	514

C:\Program Files\Microchip\xc8\v2.32\pic\sources\c99\common\atoi.c estimated size: 514

mcc_generated_files/TCPIPLibrary/network.c
		_Network_GetStartPosition		CODE           	1ADF6	0000	10
		_Network_SaveStartPosition		CODE           	1AD82	0000	14
		_Network_Read  		CODE           	176D6	0000	358
		_Network_Init  		CODE           	1ABA2	0000	38
		_Network_WaitForLink		CODE           	1AC98	0000	28
		_timersInit    		CODE           	1AC14	0000	36
		_Network_Manage		CODE           	179A0	0000	332

mcc_generated_files/TCPIPLibrary/network.c estimated size: 816

C:\Program Files\Microchip\xc8\v2.32\pic\sources\c99\common\nf_fputs.c
		_fputs         		CODE           	1A610	0000	68

C:\Program Files\Microchip\xc8\v2.32\pic\sources\c99\common\nf_fputs.c estimated size: 68

C:\Program Files\Microchip\xc8\v2.32\pic\sources\c99\common\putch.c
		_putch         		CODE           	1AE58	0000	2

C:\Program Files\Microchip\xc8\v2.32\pic\sources\c99\common\putch.c estimated size: 2

C:\Program Files\Microchip\xc8\v2.32\pic\sources\c99\common\isupper.c
		_isupper       		CODE           	1A870	0000	56

C:\Program Files\Microchip\xc8\v2.32\pic\sources\c99\common\isupper.c estimated size: 56

C:\Program Files\Microchip\xc8\v2.32\pic\sources\c99\common\Umul16.c
		___wmul        		CODE           	1ABC8	0000	38

C:\Program Files\Microchip\xc8\v2.32\pic\sources\c99\common\Umul16.c estimated size: 38

mcc_generated_files/TCPIPLibrary/lldp.c
		_processCiscoPowerTlv		CODE           	1A072	0000	100
		_rxProcessFrame		CODE           	18604	0000	256
		_processEnd    		CODE           	1AAA8	0000	44
		_processError  		CODE           	1AD44	0000	18
		_processMandatory		CODE           	187FA	0000	240
		_LLDP_DecTTR   		CODE           	1ACB4	0000	28
		_processSpecific		CODE           	17AEC	0000	332
		_processOptional		CODE           	1AD90	0000	14
		_swapEvenBytes 		CODE           	197F6	0000	144
		_LLDP_Packet   		CODE           	1AD18	0000	22
		_processIEEE3PowerTlv		CODE           	18ACA	0000	236

mcc_generated_files/TCPIPLibrary/lldp.c estimated size: 1434

C:\Program Files\Microchip\xc8\v2.32\pic\sources\c99\common\abs.c
		_abs           		CODE           	1A696	0000	64

C:\Program Files\Microchip\xc8\v2.32\pic\sources\c99\common\abs.c estimated size: 64

mcc_generated_files/TCPIPLibrary/arpv4.c
		_ARPV4_Packet  		CODE           	12430	0000	1870
		_ARPV4_Init    		CODE           	1A9B4	0000	52
		_ARPV4_Lookup  		CODE           	19DFC	0000	108
		_ARPV4_Update  		CODE           	1A916	0000	54
		_ARPV4_Request 		CODE           	14F0A	0000	704

mcc_generated_files/TCPIPLibrary/arpv4.c estimated size: 2788

C:\Program Files\Microchip\xc8\v2.32\pic\sources\c99\common\aomod.c
		___aomod       		CODE           	1783C	0000	356

C:\Program Files\Microchip\xc8\v2.32\pic\sources\c99\common\aomod.c estimated size: 356

mcc_generated_files/TCPIPLibrary/ipv4.c
		_IPV4_Send     		CODE           	1962C	0000	154
		_getHeaderLen  		CODE           	1A712	0000	60
		_IPV4_Packet   		CODE           	139EE	0000	1760
		_IPV4_GetDatagramLength		CODE           	1AD56	0000	16
		_IPV4_PseudoHeaderChecksum		CODE           	189DA	0000	240
		_IPv4_Start    		CODE           	1571C	0000	632
		_IPV4_Init     		CODE           	1AE42	0000	6

mcc_generated_files/TCPIPLibrary/ipv4.c estimated size: 2868

C:\Program Files\Microchip\xc8\v2.32\pic\sources\c99\common\isspace.c
		_isspace       		CODE           	1A35C	0000	82

C:\Program Files\Microchip\xc8\v2.32\pic\sources\c99\common\isspace.c estimated size: 82

mcc_generated_files/TCPIPLibrary/rtcc.c
		_rtcc_handler  		CODE           	1ACEA	0000	24
		_rtcc_init     		CODE           	1A980	0000	52
		_time          		CODE           	19886	0000	144
		_rtcc_set      		CODE           	1A254	0000	94

mcc_generated_files/TCPIPLibrary/rtcc.c estimated size: 314

C:\Program Files\Microchip\xc8\v2.32\pic\sources\c99\common\islower.c
		_islower       		CODE           	1A838	0000	56

C:\Program Files\Microchip\xc8\v2.32\pic\sources\c99\common\islower.c estimated size: 56

mcc_generated_files/TCPIPLibrary/tftp.c
		_TFTP_Ack      		CODE           	1975E	0000	152
		_Process_TFTP_Data		CODE           	1AE5A	0000	2
		_TFTP_Handler  		CODE           	151CA	0000	698

mcc_generated_files/TCPIPLibrary/tftp.c estimated size: 852

C:\Program Files\Microchip\xc8\v2.32\pic\sources\c99\common\lodiv.c
		___lodiv       		CODE           	188EA	0000	240

C:\Program Files\Microchip\xc8\v2.32\pic\sources\c99\common\lodiv.c estimated size: 240

C:\Program Files\Microchip\xc8\v2.32\pic\sources\c99\common\strncmp.c
		_strncmp       		CODE           	18704	0000	246

C:\Program Files\Microchip\xc8\v2.32\pic\sources\c99\common\strncmp.c estimated size: 246

shared
		_dhcpName      		MEDIUMCONST    	FC79	0000	21
		_AddressType   		MEDIUMCONST    	0000	0000	0
		_MUDExt        		MEDIUMCONST    	FCA2	0000	17
		_SoftwareRevision		MEDIUMCONST    	FCF5	0000	8
		___secs_to_tm@days_in_month		MEDIUMCONST    	FB73	0000	12
		_PortDescription		MEDIUMCONST    	FCD0	0000	11
		_ModelName     		MEDIUMCONST    	FCC3	0000	13
		_UDP_CallBackTable		MEDIUMCONST    	FC8E	0000	20
		_TFTP_callBackTable		MEDIUMCONST    	FB01	0000	1
		__initialization		CODE           	182EC	0000	256
		_xorSequences  		MEDIUMCONST    	FB61	0000	18
		_genericMAC    		MEDIUMCONST    	FB7F	0000	6
		_SerialNumber  		MEDIUMCONST    	FCED	0000	8
		___month_to_secs@secs_through_month		MEDIUMCONST    	0000	0000	0
		_lldpCallFixedTlvTable		MEDIUMCONST    	FC41	0000	56
		_AssetID       		MEDIUMCONST    	FD0D	0000	6
		_broadcastMAC  		MEDIUMCONST    	FD13	0000	6
		_severityThresholdTable		MEDIUMCONST    	FB31	0000	48
		_tftp_option   		MEDIUMCONST    	FCE5	0000	8
		_lldporgProcessingTlvTable		MEDIUMCONST    	FCB3	0000	16
		_FirmwareRevision		MEDIUMCONST    	FCFD	0000	8
		_lldpCallOrgSpecTlvTable		MEDIUMCONST    	FB86	0000	187
		_Manufacturer  		MEDIUMCONST    	FCDB	0000	10
		_HardwareRevision		MEDIUMCONST    	FD05	0000	8
		___gmt         		MEDIUMCONST    	FD19	0000	4

shared estimated size: 748

mcc_generated_files/mcc.c
		_OSCILLATOR_Initialize		CODE           	1ADC4	0000	10
		_SYSTEM_Initialize		CODE           	1AD02	0000	22

mcc_generated_files/mcc.c estimated size: 32

mcc_generated_files/TCPIPLibrary/dhcp_client.c
		_DHCP_Handler  		CODE           	12B7E	0000	1856
		_sendDHCPDISCOVER		CODE           	199A2	0000	138
		_DHCP_init     		CODE           	1AD74	0000	14
		_DHCP_WriteZeros		CODE           	1ABEE	0000	38
		_sendRequest   		CODE           	15BF4	0000	588
		_DHCP_Manage   		CODE           	15484	0000	664
		_sendDHCPDECLINE		CODE           	1AE32	0000	8
		_sendDHCPREQUEST		CODE           	1AE3A	0000	8

mcc_generated_files/TCPIPLibrary/dhcp_client.c estimated size: 3314

C:\Program Files\Microchip\xc8\v2.32\pic\sources\c99\common\toupper.c
		_toupper       		CODE           	1A1F6	0000	94

C:\Program Files\Microchip\xc8\v2.32\pic\sources\c99\common\toupper.c estimated size: 94

mcc_generated_files/tmr1.c
		_TMR1_Initialize		CODE           	1AB00	0000	42
		_TMR1_SetInterruptHandler		CODE           	1AD66	0000	14
		_TMR1_DefaultInterruptHandler		CODE           	1AE5C	0000	2
		_TMR1_CallBack 		CODE           	1AA1A	0000	50
		_TMR1_WriteTimer		CODE           	1AB7A	0000	40
		_TMR1_ISR      		CODE           	1A7C4	0000	58

mcc_generated_files/tmr1.c estimated size: 206

C:\Program Files\Microchip\xc8\v2.32\pic\sources\c99\common\isalpha.c
		_isalpha       		CODE           	1A6D6	0000	60

C:\Program Files\Microchip\xc8\v2.32\pic\sources\c99\common\isalpha.c estimated size: 60

app_files/tcp_server_demo.c
		_TCP_Demo_EchoServer		CODE           	1683E	0000	474

app_files/tcp_server_demo.c estimated size: 474

mcc_generated_files/TCPIPLibrary/lfsr.c
		_lfsrWithSeed  		CODE           	1AAD4	0000	44

mcc_generated_files/TCPIPLibrary/lfsr.c estimated size: 44

C:\Program Files\Microchip\xc8\v2.32\pic\sources\c99\common\printf.c
		_printf        		CODE           	1AB2A	0000	40

C:\Program Files\Microchip\xc8\v2.32\pic\sources\c99\common\printf.c estimated size: 40

C:\Program Files\Microchip\xc8\v2.32\pic\sources\c99\common\nf_fputc.c
		_fputc         		CODE           	18F12	0000	202

C:\Program Files\Microchip\xc8\v2.32\pic\sources\c99\common\nf_fputc.c estimated size: 202

C:\Program Files\Microchip\xc8\v2.32\pic\sources\c99\common\aodiv.c
		___aodiv       		CODE           	170F2	0000	392

C:\Program Files\Microchip\xc8\v2.32\pic\sources\c99\common\aodiv.c estimated size: 392

main.c
		_main          		CODE           	1AC7C	0000	28

main.c estimated size: 28

C:\Program Files\Microchip\xc8\v2.32\pic\sources\c99\common\strlen.c
		_strlen        		CODE           	1A4A0	0000	80

C:\Program Files\Microchip\xc8\v2.32\pic\sources\c99\common\strlen.c estimated size: 80

C:\Program Files\Microchip\xc8\v2.32\pic\sources\c99\common\strcmp.c
		_strcmp        		CODE           	19D24	0000	108

C:\Program Files\Microchip\xc8\v2.32\pic\sources\c99\common\strcmp.c estimated size: 108

C:\Program Files\Microchip\xc8\v2.32\pic\sources\c99\common\strcpy.c
		_strcpy        		CODE           	1A588	0000	68

C:\Program Files\Microchip\xc8\v2.32\pic\sources\c99\common\strcpy.c estimated size: 68

